Archive member included to satisfy reference by file (symbol)

c:/program files (x86)/gnu tools arm embedded/8 2018-q4-major/bin/../lib/gcc/arm-none-eabi/8.2.1/../../../../arm-none-eabi/lib/thumb/v7+fp/hard\libc.a(lib_a-ctype_.o)
                              C:\Users\remtr\AppData\Local\Temp\ccCgZg8Y.o (_ctype_)
c:/program files (x86)/gnu tools arm embedded/8 2018-q4-major/bin/../lib/gcc/arm-none-eabi/8.2.1/../../../../arm-none-eabi/lib/thumb/v7+fp/hard\libc.a(lib_a-memcpy.o)
                              C:\Users\remtr\AppData\Local\Temp\ccX6V6Wj.o (memcpy)
c:/program files (x86)/gnu tools arm embedded/8 2018-q4-major/bin/../lib/gcc/arm-none-eabi/8.2.1/../../../../arm-none-eabi/lib/thumb/v7+fp/hard\libc.a(lib_a-reent.o)
                              C:\Users\remtr\AppData\Local\Temp\ccX6V6Wj.o (errno)
c:/program files (x86)/gnu tools arm embedded/8 2018-q4-major/bin/../lib/gcc/arm-none-eabi/8.2.1/../../../../arm-none-eabi/lib/thumb/v7+fp/hard\libc.a(lib_a-strchr.o)
                              C:\Users\remtr\AppData\Local\Temp\ccMftchq.o (strchr)
c:/program files (x86)/gnu tools arm embedded/8 2018-q4-major/bin/../lib/gcc/arm-none-eabi/8.2.1/../../../../arm-none-eabi/lib/thumb/v7+fp/hard\libc.a(lib_a-strlen-stub.o)
                              C:\Users\remtr\AppData\Local\Temp\ccX6V6Wj.o (strlen)
c:/program files (x86)/gnu tools arm embedded/8 2018-q4-major/bin/../lib/gcc/arm-none-eabi/8.2.1/../../../../arm-none-eabi/lib/thumb/v7+fp/hard\libc.a(lib_a-strnlen.o)
                              C:\Users\remtr\AppData\Local\Temp\ccCgZg8Y.o (strnlen)
c:/program files (x86)/gnu tools arm embedded/8 2018-q4-major/bin/../lib/gcc/arm-none-eabi/8.2.1/../../../../arm-none-eabi/lib/thumb/v7+fp/hard\libc.a(lib_a-wctob.o)
                              C:\Users\remtr\AppData\Local\Temp\ccMftchq.o (wctob)
c:/program files (x86)/gnu tools arm embedded/8 2018-q4-major/bin/../lib/gcc/arm-none-eabi/8.2.1/../../../../arm-none-eabi/lib/thumb/v7+fp/hard\libc.a(lib_a-freer.o)
                              c:/program files (x86)/gnu tools arm embedded/8 2018-q4-major/bin/../lib/gcc/arm-none-eabi/8.2.1/../../../../arm-none-eabi/lib/thumb/v7+fp/hard\libc.a(lib_a-reent.o) (_free_r)
c:/program files (x86)/gnu tools arm embedded/8 2018-q4-major/bin/../lib/gcc/arm-none-eabi/8.2.1/../../../../arm-none-eabi/lib/thumb/v7+fp/hard\libc.a(lib_a-impure.o)
                              c:/program files (x86)/gnu tools arm embedded/8 2018-q4-major/bin/../lib/gcc/arm-none-eabi/8.2.1/../../../../arm-none-eabi/lib/thumb/v7+fp/hard\libc.a(lib_a-reent.o) (_impure_ptr)
c:/program files (x86)/gnu tools arm embedded/8 2018-q4-major/bin/../lib/gcc/arm-none-eabi/8.2.1/../../../../arm-none-eabi/lib/thumb/v7+fp/hard\libc.a(lib_a-locale.o)
                              c:/program files (x86)/gnu tools arm embedded/8 2018-q4-major/bin/../lib/gcc/arm-none-eabi/8.2.1/../../../../arm-none-eabi/lib/thumb/v7+fp/hard\libc.a(lib_a-wctob.o) (__global_locale)
c:/program files (x86)/gnu tools arm embedded/8 2018-q4-major/bin/../lib/gcc/arm-none-eabi/8.2.1/../../../../arm-none-eabi/lib/thumb/v7+fp/hard\libc.a(lib_a-mallocr.o)
                              c:/program files (x86)/gnu tools arm embedded/8 2018-q4-major/bin/../lib/gcc/arm-none-eabi/8.2.1/../../../../arm-none-eabi/lib/thumb/v7+fp/hard\libc.a(lib_a-freer.o) (__malloc_current_mallinfo)
c:/program files (x86)/gnu tools arm embedded/8 2018-q4-major/bin/../lib/gcc/arm-none-eabi/8.2.1/../../../../arm-none-eabi/lib/thumb/v7+fp/hard\libc.a(lib_a-mbtowc_r.o)
                              c:/program files (x86)/gnu tools arm embedded/8 2018-q4-major/bin/../lib/gcc/arm-none-eabi/8.2.1/../../../../arm-none-eabi/lib/thumb/v7+fp/hard\libc.a(lib_a-locale.o) (__ascii_mbtowc)
c:/program files (x86)/gnu tools arm embedded/8 2018-q4-major/bin/../lib/gcc/arm-none-eabi/8.2.1/../../../../arm-none-eabi/lib/thumb/v7+fp/hard\libc.a(lib_a-memset.o)
                              c:/program files (x86)/gnu tools arm embedded/8 2018-q4-major/bin/../lib/gcc/arm-none-eabi/8.2.1/../../../../arm-none-eabi/lib/thumb/v7+fp/hard\libc.a(lib_a-wctob.o) (memset)
c:/program files (x86)/gnu tools arm embedded/8 2018-q4-major/bin/../lib/gcc/arm-none-eabi/8.2.1/../../../../arm-none-eabi/lib/thumb/v7+fp/hard\libc.a(lib_a-mlock.o)
                              c:/program files (x86)/gnu tools arm embedded/8 2018-q4-major/bin/../lib/gcc/arm-none-eabi/8.2.1/../../../../arm-none-eabi/lib/thumb/v7+fp/hard\libc.a(lib_a-freer.o) (__malloc_lock)
c:/program files (x86)/gnu tools arm embedded/8 2018-q4-major/bin/../lib/gcc/arm-none-eabi/8.2.1/../../../../arm-none-eabi/lib/thumb/v7+fp/hard\libc.a(lib_a-sbrkr.o)
                              c:/program files (x86)/gnu tools arm embedded/8 2018-q4-major/bin/../lib/gcc/arm-none-eabi/8.2.1/../../../../arm-none-eabi/lib/thumb/v7+fp/hard\libc.a(lib_a-freer.o) (_sbrk_r)
c:/program files (x86)/gnu tools arm embedded/8 2018-q4-major/bin/../lib/gcc/arm-none-eabi/8.2.1/../../../../arm-none-eabi/lib/thumb/v7+fp/hard\libc.a(lib_a-strcmp.o)
                              c:/program files (x86)/gnu tools arm embedded/8 2018-q4-major/bin/../lib/gcc/arm-none-eabi/8.2.1/../../../../arm-none-eabi/lib/thumb/v7+fp/hard\libc.a(lib_a-locale.o) (strcmp)
c:/program files (x86)/gnu tools arm embedded/8 2018-q4-major/bin/../lib/gcc/arm-none-eabi/8.2.1/../../../../arm-none-eabi/lib/thumb/v7+fp/hard\libc.a(lib_a-wctomb_r.o)
                              c:/program files (x86)/gnu tools arm embedded/8 2018-q4-major/bin/../lib/gcc/arm-none-eabi/8.2.1/../../../../arm-none-eabi/lib/thumb/v7+fp/hard\libc.a(lib_a-locale.o) (__ascii_wctomb)
c:/program files (x86)/gnu tools arm embedded/8 2018-q4-major/bin/../lib/gcc/arm-none-eabi/8.2.1/../../../../arm-none-eabi/lib/thumb/v7+fp/hard\libc.a(lib_a-lock.o)
                              c:/program files (x86)/gnu tools arm embedded/8 2018-q4-major/bin/../lib/gcc/arm-none-eabi/8.2.1/../../../../arm-none-eabi/lib/thumb/v7+fp/hard\libc.a(lib_a-mlock.o) (__retarget_lock_acquire_recursive)

Allocating common symbols
Common symbol       size              file

__lock___atexit_recursive_mutex
                    0x1               c:/program files (x86)/gnu tools arm embedded/8 2018-q4-major/bin/../lib/gcc/arm-none-eabi/8.2.1/../../../../arm-none-eabi/lib/thumb/v7+fp/hard\libc.a(lib_a-lock.o)
__lock___arc4random_mutex
                    0x1               c:/program files (x86)/gnu tools arm embedded/8 2018-q4-major/bin/../lib/gcc/arm-none-eabi/8.2.1/../../../../arm-none-eabi/lib/thumb/v7+fp/hard\libc.a(lib_a-lock.o)
errno               0x4               c:/program files (x86)/gnu tools arm embedded/8 2018-q4-major/bin/../lib/gcc/arm-none-eabi/8.2.1/../../../../arm-none-eabi/lib/thumb/v7+fp/hard\libc.a(lib_a-reent.o)
__lock___env_recursive_mutex
                    0x1               c:/program files (x86)/gnu tools arm embedded/8 2018-q4-major/bin/../lib/gcc/arm-none-eabi/8.2.1/../../../../arm-none-eabi/lib/thumb/v7+fp/hard\libc.a(lib_a-lock.o)
__lock___sinit_recursive_mutex
                    0x1               c:/program files (x86)/gnu tools arm embedded/8 2018-q4-major/bin/../lib/gcc/arm-none-eabi/8.2.1/../../../../arm-none-eabi/lib/thumb/v7+fp/hard\libc.a(lib_a-lock.o)
__lock___malloc_recursive_mutex
                    0x1               c:/program files (x86)/gnu tools arm embedded/8 2018-q4-major/bin/../lib/gcc/arm-none-eabi/8.2.1/../../../../arm-none-eabi/lib/thumb/v7+fp/hard\libc.a(lib_a-lock.o)
buffer              0x7d0             C:\Users\remtr\AppData\Local\Temp\ccUHkwAc.o
__lock___at_quick_exit_mutex
                    0x1               c:/program files (x86)/gnu tools arm embedded/8 2018-q4-major/bin/../lib/gcc/arm-none-eabi/8.2.1/../../../../arm-none-eabi/lib/thumb/v7+fp/hard\libc.a(lib_a-lock.o)
__lock___dd_hash_mutex
                    0x1               c:/program files (x86)/gnu tools arm embedded/8 2018-q4-major/bin/../lib/gcc/arm-none-eabi/8.2.1/../../../../arm-none-eabi/lib/thumb/v7+fp/hard\libc.a(lib_a-lock.o)
__lock___tz_mutex   0x1               c:/program files (x86)/gnu tools arm embedded/8 2018-q4-major/bin/../lib/gcc/arm-none-eabi/8.2.1/../../../../arm-none-eabi/lib/thumb/v7+fp/hard\libc.a(lib_a-lock.o)
__lock___sfp_recursive_mutex
                    0x1               c:/program files (x86)/gnu tools arm embedded/8 2018-q4-major/bin/../lib/gcc/arm-none-eabi/8.2.1/../../../../arm-none-eabi/lib/thumb/v7+fp/hard\libc.a(lib_a-lock.o)

Discarded input sections

 .data          0x00000000        0x0 C:\Users\remtr\AppData\Local\Temp\ccUHkwAc.o
 .bss           0x00000000        0x0 C:\Users\remtr\AppData\Local\Temp\ccUHkwAc.o
 .comment       0x00000000       0x76 C:\Users\remtr\AppData\Local\Temp\ccUHkwAc.o
 .text          0x00000000        0x0 C:\Users\remtr\AppData\Local\Temp\ccqL0eBU.o
 .data          0x00000000        0x0 C:\Users\remtr\AppData\Local\Temp\ccqL0eBU.o
 .bss           0x00000000        0x0 C:\Users\remtr\AppData\Local\Temp\ccqL0eBU.o
 .text._sbrk    0x00000000       0x2c C:\Users\remtr\AppData\Local\Temp\ccqL0eBU.o
 .comment       0x00000000       0x76 C:\Users\remtr\AppData\Local\Temp\ccX6V6Wj.o
 .data          0x00000000        0x0 C:\Users\remtr\AppData\Local\Temp\ccCgZg8Y.o
 .bss           0x00000000        0x0 C:\Users\remtr\AppData\Local\Temp\ccCgZg8Y.o
 .comment       0x00000000       0x76 C:\Users\remtr\AppData\Local\Temp\ccCgZg8Y.o
 .comment       0x00000000       0x76 C:\Users\remtr\AppData\Local\Temp\ccMftchq.o
 .data          0x00000000        0x0 C:\Users\remtr\AppData\Local\Temp\cc0ychbm.o
 .comment       0x00000000       0x76 C:\Users\remtr\AppData\Local\Temp\cc0ychbm.o
 .bss           0x00000000        0x0 C:\Users\remtr\AppData\Local\Temp\ccj6x2Ip.o
 .comment       0x00000000       0x76 C:\Users\remtr\AppData\Local\Temp\ccj6x2Ip.o
 .text          0x00000000      0x144 C:\Users\remtr\AppData\Local\Temp\ccG5MNVv.o
 .data          0x00000000        0x0 C:\Users\remtr\AppData\Local\Temp\ccG5MNVv.o
 .bss           0x00000000        0x0 C:\Users\remtr\AppData\Local\Temp\ccG5MNVv.o
 .ARM.attributes
                0x00000000       0x27 C:\Users\remtr\AppData\Local\Temp\ccG5MNVv.o
 .text          0x00000000        0x0 c:/program files (x86)/gnu tools arm embedded/8 2018-q4-major/bin/../lib/gcc/arm-none-eabi/8.2.1/../../../../arm-none-eabi/lib/thumb/v7+fp/hard\libc.a(lib_a-ctype_.o)
 .data          0x00000000        0x0 c:/program files (x86)/gnu tools arm embedded/8 2018-q4-major/bin/../lib/gcc/arm-none-eabi/8.2.1/../../../../arm-none-eabi/lib/thumb/v7+fp/hard\libc.a(lib_a-ctype_.o)
 .bss           0x00000000        0x0 c:/program files (x86)/gnu tools arm embedded/8 2018-q4-major/bin/../lib/gcc/arm-none-eabi/8.2.1/../../../../arm-none-eabi/lib/thumb/v7+fp/hard\libc.a(lib_a-ctype_.o)
 .data          0x00000000        0x0 c:/program files (x86)/gnu tools arm embedded/8 2018-q4-major/bin/../lib/gcc/arm-none-eabi/8.2.1/../../../../arm-none-eabi/lib/thumb/v7+fp/hard\libc.a(lib_a-memcpy.o)
 .bss           0x00000000        0x0 c:/program files (x86)/gnu tools arm embedded/8 2018-q4-major/bin/../lib/gcc/arm-none-eabi/8.2.1/../../../../arm-none-eabi/lib/thumb/v7+fp/hard\libc.a(lib_a-memcpy.o)
 .text          0x00000000        0x0 c:/program files (x86)/gnu tools arm embedded/8 2018-q4-major/bin/../lib/gcc/arm-none-eabi/8.2.1/../../../../arm-none-eabi/lib/thumb/v7+fp/hard\libc.a(lib_a-reent.o)
 .data          0x00000000        0x0 c:/program files (x86)/gnu tools arm embedded/8 2018-q4-major/bin/../lib/gcc/arm-none-eabi/8.2.1/../../../../arm-none-eabi/lib/thumb/v7+fp/hard\libc.a(lib_a-reent.o)
 .bss           0x00000000        0x0 c:/program files (x86)/gnu tools arm embedded/8 2018-q4-major/bin/../lib/gcc/arm-none-eabi/8.2.1/../../../../arm-none-eabi/lib/thumb/v7+fp/hard\libc.a(lib_a-reent.o)
 .text.cleanup_glue
                0x00000000       0x1c c:/program files (x86)/gnu tools arm embedded/8 2018-q4-major/bin/../lib/gcc/arm-none-eabi/8.2.1/../../../../arm-none-eabi/lib/thumb/v7+fp/hard\libc.a(lib_a-reent.o)
 .text._reclaim_reent
                0x00000000       0x88 c:/program files (x86)/gnu tools arm embedded/8 2018-q4-major/bin/../lib/gcc/arm-none-eabi/8.2.1/../../../../arm-none-eabi/lib/thumb/v7+fp/hard\libc.a(lib_a-reent.o)
 .debug_frame   0x00000000       0x60 c:/program files (x86)/gnu tools arm embedded/8 2018-q4-major/bin/../lib/gcc/arm-none-eabi/8.2.1/../../../../arm-none-eabi/lib/thumb/v7+fp/hard\libc.a(lib_a-reent.o)
 .text          0x00000000        0x0 c:/program files (x86)/gnu tools arm embedded/8 2018-q4-major/bin/../lib/gcc/arm-none-eabi/8.2.1/../../../../arm-none-eabi/lib/thumb/v7+fp/hard\libc.a(lib_a-strchr.o)
 .data          0x00000000        0x0 c:/program files (x86)/gnu tools arm embedded/8 2018-q4-major/bin/../lib/gcc/arm-none-eabi/8.2.1/../../../../arm-none-eabi/lib/thumb/v7+fp/hard\libc.a(lib_a-strchr.o)
 .bss           0x00000000        0x0 c:/program files (x86)/gnu tools arm embedded/8 2018-q4-major/bin/../lib/gcc/arm-none-eabi/8.2.1/../../../../arm-none-eabi/lib/thumb/v7+fp/hard\libc.a(lib_a-strchr.o)
 .debug_frame   0x00000000       0x30 c:/program files (x86)/gnu tools arm embedded/8 2018-q4-major/bin/../lib/gcc/arm-none-eabi/8.2.1/../../../../arm-none-eabi/lib/thumb/v7+fp/hard\libc.a(lib_a-strchr.o)
 .text          0x00000000        0x0 c:/program files (x86)/gnu tools arm embedded/8 2018-q4-major/bin/../lib/gcc/arm-none-eabi/8.2.1/../../../../arm-none-eabi/lib/thumb/v7+fp/hard\libc.a(lib_a-strlen-stub.o)
 .data          0x00000000        0x0 c:/program files (x86)/gnu tools arm embedded/8 2018-q4-major/bin/../lib/gcc/arm-none-eabi/8.2.1/../../../../arm-none-eabi/lib/thumb/v7+fp/hard\libc.a(lib_a-strlen-stub.o)
 .bss           0x00000000        0x0 c:/program files (x86)/gnu tools arm embedded/8 2018-q4-major/bin/../lib/gcc/arm-none-eabi/8.2.1/../../../../arm-none-eabi/lib/thumb/v7+fp/hard\libc.a(lib_a-strlen-stub.o)
 .debug_frame   0x00000000       0x20 c:/program files (x86)/gnu tools arm embedded/8 2018-q4-major/bin/../lib/gcc/arm-none-eabi/8.2.1/../../../../arm-none-eabi/lib/thumb/v7+fp/hard\libc.a(lib_a-strlen-stub.o)
 .text          0x00000000        0x0 c:/program files (x86)/gnu tools arm embedded/8 2018-q4-major/bin/../lib/gcc/arm-none-eabi/8.2.1/../../../../arm-none-eabi/lib/thumb/v7+fp/hard\libc.a(lib_a-strnlen.o)
 .data          0x00000000        0x0 c:/program files (x86)/gnu tools arm embedded/8 2018-q4-major/bin/../lib/gcc/arm-none-eabi/8.2.1/../../../../arm-none-eabi/lib/thumb/v7+fp/hard\libc.a(lib_a-strnlen.o)
 .bss           0x00000000        0x0 c:/program files (x86)/gnu tools arm embedded/8 2018-q4-major/bin/../lib/gcc/arm-none-eabi/8.2.1/../../../../arm-none-eabi/lib/thumb/v7+fp/hard\libc.a(lib_a-strnlen.o)
 .debug_frame   0x00000000       0x30 c:/program files (x86)/gnu tools arm embedded/8 2018-q4-major/bin/../lib/gcc/arm-none-eabi/8.2.1/../../../../arm-none-eabi/lib/thumb/v7+fp/hard\libc.a(lib_a-strnlen.o)
 .text          0x00000000        0x0 c:/program files (x86)/gnu tools arm embedded/8 2018-q4-major/bin/../lib/gcc/arm-none-eabi/8.2.1/../../../../arm-none-eabi/lib/thumb/v7+fp/hard\libc.a(lib_a-wctob.o)
 .data          0x00000000        0x0 c:/program files (x86)/gnu tools arm embedded/8 2018-q4-major/bin/../lib/gcc/arm-none-eabi/8.2.1/../../../../arm-none-eabi/lib/thumb/v7+fp/hard\libc.a(lib_a-wctob.o)
 .bss           0x00000000        0x0 c:/program files (x86)/gnu tools arm embedded/8 2018-q4-major/bin/../lib/gcc/arm-none-eabi/8.2.1/../../../../arm-none-eabi/lib/thumb/v7+fp/hard\libc.a(lib_a-wctob.o)
 .debug_frame   0x00000000       0x38 c:/program files (x86)/gnu tools arm embedded/8 2018-q4-major/bin/../lib/gcc/arm-none-eabi/8.2.1/../../../../arm-none-eabi/lib/thumb/v7+fp/hard\libc.a(lib_a-wctob.o)
 .text          0x00000000        0x0 c:/program files (x86)/gnu tools arm embedded/8 2018-q4-major/bin/../lib/gcc/arm-none-eabi/8.2.1/../../../../arm-none-eabi/lib/thumb/v7+fp/hard\libc.a(lib_a-freer.o)
 .data          0x00000000        0x0 c:/program files (x86)/gnu tools arm embedded/8 2018-q4-major/bin/../lib/gcc/arm-none-eabi/8.2.1/../../../../arm-none-eabi/lib/thumb/v7+fp/hard\libc.a(lib_a-freer.o)
 .bss           0x00000000        0x0 c:/program files (x86)/gnu tools arm embedded/8 2018-q4-major/bin/../lib/gcc/arm-none-eabi/8.2.1/../../../../arm-none-eabi/lib/thumb/v7+fp/hard\libc.a(lib_a-freer.o)
 .text._malloc_trim_r
                0x00000000       0xac c:/program files (x86)/gnu tools arm embedded/8 2018-q4-major/bin/../lib/gcc/arm-none-eabi/8.2.1/../../../../arm-none-eabi/lib/thumb/v7+fp/hard\libc.a(lib_a-freer.o)
 .text._free_r  0x00000000      0x1f0 c:/program files (x86)/gnu tools arm embedded/8 2018-q4-major/bin/../lib/gcc/arm-none-eabi/8.2.1/../../../../arm-none-eabi/lib/thumb/v7+fp/hard\libc.a(lib_a-freer.o)
 .debug_frame   0x00000000       0x80 c:/program files (x86)/gnu tools arm embedded/8 2018-q4-major/bin/../lib/gcc/arm-none-eabi/8.2.1/../../../../arm-none-eabi/lib/thumb/v7+fp/hard\libc.a(lib_a-freer.o)
 .ARM.attributes
                0x00000000       0x2d c:/program files (x86)/gnu tools arm embedded/8 2018-q4-major/bin/../lib/gcc/arm-none-eabi/8.2.1/../../../../arm-none-eabi/lib/thumb/v7+fp/hard\libc.a(lib_a-freer.o)
 .text          0x00000000        0x0 c:/program files (x86)/gnu tools arm embedded/8 2018-q4-major/bin/../lib/gcc/arm-none-eabi/8.2.1/../../../../arm-none-eabi/lib/thumb/v7+fp/hard\libc.a(lib_a-impure.o)
 .data          0x00000000        0x0 c:/program files (x86)/gnu tools arm embedded/8 2018-q4-major/bin/../lib/gcc/arm-none-eabi/8.2.1/../../../../arm-none-eabi/lib/thumb/v7+fp/hard\libc.a(lib_a-impure.o)
 .bss           0x00000000        0x0 c:/program files (x86)/gnu tools arm embedded/8 2018-q4-major/bin/../lib/gcc/arm-none-eabi/8.2.1/../../../../arm-none-eabi/lib/thumb/v7+fp/hard\libc.a(lib_a-impure.o)
 .rodata._global_impure_ptr
                0x00000000        0x4 c:/program files (x86)/gnu tools arm embedded/8 2018-q4-major/bin/../lib/gcc/arm-none-eabi/8.2.1/../../../../arm-none-eabi/lib/thumb/v7+fp/hard\libc.a(lib_a-impure.o)
 .text          0x00000000        0x0 c:/program files (x86)/gnu tools arm embedded/8 2018-q4-major/bin/../lib/gcc/arm-none-eabi/8.2.1/../../../../arm-none-eabi/lib/thumb/v7+fp/hard\libc.a(lib_a-locale.o)
 .data          0x00000000        0x0 c:/program files (x86)/gnu tools arm embedded/8 2018-q4-major/bin/../lib/gcc/arm-none-eabi/8.2.1/../../../../arm-none-eabi/lib/thumb/v7+fp/hard\libc.a(lib_a-locale.o)
 .bss           0x00000000        0x0 c:/program files (x86)/gnu tools arm embedded/8 2018-q4-major/bin/../lib/gcc/arm-none-eabi/8.2.1/../../../../arm-none-eabi/lib/thumb/v7+fp/hard\libc.a(lib_a-locale.o)
 .text._setlocale_r
                0x00000000       0x54 c:/program files (x86)/gnu tools arm embedded/8 2018-q4-major/bin/../lib/gcc/arm-none-eabi/8.2.1/../../../../arm-none-eabi/lib/thumb/v7+fp/hard\libc.a(lib_a-locale.o)
 .text.__locale_mb_cur_max
                0x00000000       0x10 c:/program files (x86)/gnu tools arm embedded/8 2018-q4-major/bin/../lib/gcc/arm-none-eabi/8.2.1/../../../../arm-none-eabi/lib/thumb/v7+fp/hard\libc.a(lib_a-locale.o)
 .text.setlocale
                0x00000000       0x14 c:/program files (x86)/gnu tools arm embedded/8 2018-q4-major/bin/../lib/gcc/arm-none-eabi/8.2.1/../../../../arm-none-eabi/lib/thumb/v7+fp/hard\libc.a(lib_a-locale.o)
 .bss._PathLocale
                0x00000000        0x4 c:/program files (x86)/gnu tools arm embedded/8 2018-q4-major/bin/../lib/gcc/arm-none-eabi/8.2.1/../../../../arm-none-eabi/lib/thumb/v7+fp/hard\libc.a(lib_a-locale.o)
 .debug_frame   0x00000000       0x54 c:/program files (x86)/gnu tools arm embedded/8 2018-q4-major/bin/../lib/gcc/arm-none-eabi/8.2.1/../../../../arm-none-eabi/lib/thumb/v7+fp/hard\libc.a(lib_a-locale.o)
 .text          0x00000000        0x0 c:/program files (x86)/gnu tools arm embedded/8 2018-q4-major/bin/../lib/gcc/arm-none-eabi/8.2.1/../../../../arm-none-eabi/lib/thumb/v7+fp/hard\libc.a(lib_a-mallocr.o)
 .data          0x00000000        0x0 c:/program files (x86)/gnu tools arm embedded/8 2018-q4-major/bin/../lib/gcc/arm-none-eabi/8.2.1/../../../../arm-none-eabi/lib/thumb/v7+fp/hard\libc.a(lib_a-mallocr.o)
 .bss           0x00000000        0x0 c:/program files (x86)/gnu tools arm embedded/8 2018-q4-major/bin/../lib/gcc/arm-none-eabi/8.2.1/../../../../arm-none-eabi/lib/thumb/v7+fp/hard\libc.a(lib_a-mallocr.o)
 .text._malloc_r
                0x00000000      0x5a4 c:/program files (x86)/gnu tools arm embedded/8 2018-q4-major/bin/../lib/gcc/arm-none-eabi/8.2.1/../../../../arm-none-eabi/lib/thumb/v7+fp/hard\libc.a(lib_a-mallocr.o)
 .bss.__malloc_current_mallinfo
                0x00000000       0x28 c:/program files (x86)/gnu tools arm embedded/8 2018-q4-major/bin/../lib/gcc/arm-none-eabi/8.2.1/../../../../arm-none-eabi/lib/thumb/v7+fp/hard\libc.a(lib_a-mallocr.o)
 .bss.__malloc_max_sbrked_mem
                0x00000000        0x4 c:/program files (x86)/gnu tools arm embedded/8 2018-q4-major/bin/../lib/gcc/arm-none-eabi/8.2.1/../../../../arm-none-eabi/lib/thumb/v7+fp/hard\libc.a(lib_a-mallocr.o)
 .bss.__malloc_max_total_mem
                0x00000000        0x4 c:/program files (x86)/gnu tools arm embedded/8 2018-q4-major/bin/../lib/gcc/arm-none-eabi/8.2.1/../../../../arm-none-eabi/lib/thumb/v7+fp/hard\libc.a(lib_a-mallocr.o)
 .bss.__malloc_top_pad
                0x00000000        0x4 c:/program files (x86)/gnu tools arm embedded/8 2018-q4-major/bin/../lib/gcc/arm-none-eabi/8.2.1/../../../../arm-none-eabi/lib/thumb/v7+fp/hard\libc.a(lib_a-mallocr.o)
 .data.__malloc_av_
                0x00000000      0x408 c:/program files (x86)/gnu tools arm embedded/8 2018-q4-major/bin/../lib/gcc/arm-none-eabi/8.2.1/../../../../arm-none-eabi/lib/thumb/v7+fp/hard\libc.a(lib_a-mallocr.o)
 .data.__malloc_sbrk_base
                0x00000000        0x4 c:/program files (x86)/gnu tools arm embedded/8 2018-q4-major/bin/../lib/gcc/arm-none-eabi/8.2.1/../../../../arm-none-eabi/lib/thumb/v7+fp/hard\libc.a(lib_a-mallocr.o)
 .data.__malloc_trim_threshold
                0x00000000        0x4 c:/program files (x86)/gnu tools arm embedded/8 2018-q4-major/bin/../lib/gcc/arm-none-eabi/8.2.1/../../../../arm-none-eabi/lib/thumb/v7+fp/hard\libc.a(lib_a-mallocr.o)
 .debug_frame   0x00000000       0x54 c:/program files (x86)/gnu tools arm embedded/8 2018-q4-major/bin/../lib/gcc/arm-none-eabi/8.2.1/../../../../arm-none-eabi/lib/thumb/v7+fp/hard\libc.a(lib_a-mallocr.o)
 .ARM.attributes
                0x00000000       0x2d c:/program files (x86)/gnu tools arm embedded/8 2018-q4-major/bin/../lib/gcc/arm-none-eabi/8.2.1/../../../../arm-none-eabi/lib/thumb/v7+fp/hard\libc.a(lib_a-mallocr.o)
 .text          0x00000000        0x0 c:/program files (x86)/gnu tools arm embedded/8 2018-q4-major/bin/../lib/gcc/arm-none-eabi/8.2.1/../../../../arm-none-eabi/lib/thumb/v7+fp/hard\libc.a(lib_a-mbtowc_r.o)
 .data          0x00000000        0x0 c:/program files (x86)/gnu tools arm embedded/8 2018-q4-major/bin/../lib/gcc/arm-none-eabi/8.2.1/../../../../arm-none-eabi/lib/thumb/v7+fp/hard\libc.a(lib_a-mbtowc_r.o)
 .bss           0x00000000        0x0 c:/program files (x86)/gnu tools arm embedded/8 2018-q4-major/bin/../lib/gcc/arm-none-eabi/8.2.1/../../../../arm-none-eabi/lib/thumb/v7+fp/hard\libc.a(lib_a-mbtowc_r.o)
 .text._mbtowc_r
                0x00000000       0x18 c:/program files (x86)/gnu tools arm embedded/8 2018-q4-major/bin/../lib/gcc/arm-none-eabi/8.2.1/../../../../arm-none-eabi/lib/thumb/v7+fp/hard\libc.a(lib_a-mbtowc_r.o)
 .debug_frame   0x00000000       0x48 c:/program files (x86)/gnu tools arm embedded/8 2018-q4-major/bin/../lib/gcc/arm-none-eabi/8.2.1/../../../../arm-none-eabi/lib/thumb/v7+fp/hard\libc.a(lib_a-mbtowc_r.o)
 .text          0x00000000        0x0 c:/program files (x86)/gnu tools arm embedded/8 2018-q4-major/bin/../lib/gcc/arm-none-eabi/8.2.1/../../../../arm-none-eabi/lib/thumb/v7+fp/hard\libc.a(lib_a-memset.o)
 .data          0x00000000        0x0 c:/program files (x86)/gnu tools arm embedded/8 2018-q4-major/bin/../lib/gcc/arm-none-eabi/8.2.1/../../../../arm-none-eabi/lib/thumb/v7+fp/hard\libc.a(lib_a-memset.o)
 .bss           0x00000000        0x0 c:/program files (x86)/gnu tools arm embedded/8 2018-q4-major/bin/../lib/gcc/arm-none-eabi/8.2.1/../../../../arm-none-eabi/lib/thumb/v7+fp/hard\libc.a(lib_a-memset.o)
 .debug_frame   0x00000000       0x38 c:/program files (x86)/gnu tools arm embedded/8 2018-q4-major/bin/../lib/gcc/arm-none-eabi/8.2.1/../../../../arm-none-eabi/lib/thumb/v7+fp/hard\libc.a(lib_a-memset.o)
 .text          0x00000000        0x0 c:/program files (x86)/gnu tools arm embedded/8 2018-q4-major/bin/../lib/gcc/arm-none-eabi/8.2.1/../../../../arm-none-eabi/lib/thumb/v7+fp/hard\libc.a(lib_a-mlock.o)
 .data          0x00000000        0x0 c:/program files (x86)/gnu tools arm embedded/8 2018-q4-major/bin/../lib/gcc/arm-none-eabi/8.2.1/../../../../arm-none-eabi/lib/thumb/v7+fp/hard\libc.a(lib_a-mlock.o)
 .bss           0x00000000        0x0 c:/program files (x86)/gnu tools arm embedded/8 2018-q4-major/bin/../lib/gcc/arm-none-eabi/8.2.1/../../../../arm-none-eabi/lib/thumb/v7+fp/hard\libc.a(lib_a-mlock.o)
 .text.__malloc_lock
                0x00000000        0xc c:/program files (x86)/gnu tools arm embedded/8 2018-q4-major/bin/../lib/gcc/arm-none-eabi/8.2.1/../../../../arm-none-eabi/lib/thumb/v7+fp/hard\libc.a(lib_a-mlock.o)
 .text.__malloc_unlock
                0x00000000        0xc c:/program files (x86)/gnu tools arm embedded/8 2018-q4-major/bin/../lib/gcc/arm-none-eabi/8.2.1/../../../../arm-none-eabi/lib/thumb/v7+fp/hard\libc.a(lib_a-mlock.o)
 .debug_frame   0x00000000       0x30 c:/program files (x86)/gnu tools arm embedded/8 2018-q4-major/bin/../lib/gcc/arm-none-eabi/8.2.1/../../../../arm-none-eabi/lib/thumb/v7+fp/hard\libc.a(lib_a-mlock.o)
 .ARM.attributes
                0x00000000       0x2d c:/program files (x86)/gnu tools arm embedded/8 2018-q4-major/bin/../lib/gcc/arm-none-eabi/8.2.1/../../../../arm-none-eabi/lib/thumb/v7+fp/hard\libc.a(lib_a-mlock.o)
 .text          0x00000000        0x0 c:/program files (x86)/gnu tools arm embedded/8 2018-q4-major/bin/../lib/gcc/arm-none-eabi/8.2.1/../../../../arm-none-eabi/lib/thumb/v7+fp/hard\libc.a(lib_a-sbrkr.o)
 .data          0x00000000        0x0 c:/program files (x86)/gnu tools arm embedded/8 2018-q4-major/bin/../lib/gcc/arm-none-eabi/8.2.1/../../../../arm-none-eabi/lib/thumb/v7+fp/hard\libc.a(lib_a-sbrkr.o)
 .bss           0x00000000        0x0 c:/program files (x86)/gnu tools arm embedded/8 2018-q4-major/bin/../lib/gcc/arm-none-eabi/8.2.1/../../../../arm-none-eabi/lib/thumb/v7+fp/hard\libc.a(lib_a-sbrkr.o)
 .text._sbrk_r  0x00000000       0x28 c:/program files (x86)/gnu tools arm embedded/8 2018-q4-major/bin/../lib/gcc/arm-none-eabi/8.2.1/../../../../arm-none-eabi/lib/thumb/v7+fp/hard\libc.a(lib_a-sbrkr.o)
 .debug_frame   0x00000000       0x2c c:/program files (x86)/gnu tools arm embedded/8 2018-q4-major/bin/../lib/gcc/arm-none-eabi/8.2.1/../../../../arm-none-eabi/lib/thumb/v7+fp/hard\libc.a(lib_a-sbrkr.o)
 .ARM.attributes
                0x00000000       0x2d c:/program files (x86)/gnu tools arm embedded/8 2018-q4-major/bin/../lib/gcc/arm-none-eabi/8.2.1/../../../../arm-none-eabi/lib/thumb/v7+fp/hard\libc.a(lib_a-sbrkr.o)
 .text          0x00000000      0x1bc c:/program files (x86)/gnu tools arm embedded/8 2018-q4-major/bin/../lib/gcc/arm-none-eabi/8.2.1/../../../../arm-none-eabi/lib/thumb/v7+fp/hard\libc.a(lib_a-strcmp.o)
 .data          0x00000000        0x0 c:/program files (x86)/gnu tools arm embedded/8 2018-q4-major/bin/../lib/gcc/arm-none-eabi/8.2.1/../../../../arm-none-eabi/lib/thumb/v7+fp/hard\libc.a(lib_a-strcmp.o)
 .bss           0x00000000        0x0 c:/program files (x86)/gnu tools arm embedded/8 2018-q4-major/bin/../lib/gcc/arm-none-eabi/8.2.1/../../../../arm-none-eabi/lib/thumb/v7+fp/hard\libc.a(lib_a-strcmp.o)
 .debug_frame   0x00000000       0x34 c:/program files (x86)/gnu tools arm embedded/8 2018-q4-major/bin/../lib/gcc/arm-none-eabi/8.2.1/../../../../arm-none-eabi/lib/thumb/v7+fp/hard\libc.a(lib_a-strcmp.o)
 .ARM.attributes
                0x00000000       0x17 c:/program files (x86)/gnu tools arm embedded/8 2018-q4-major/bin/../lib/gcc/arm-none-eabi/8.2.1/../../../../arm-none-eabi/lib/thumb/v7+fp/hard\libc.a(lib_a-strcmp.o)
 .text          0x00000000        0x0 c:/program files (x86)/gnu tools arm embedded/8 2018-q4-major/bin/../lib/gcc/arm-none-eabi/8.2.1/../../../../arm-none-eabi/lib/thumb/v7+fp/hard\libc.a(lib_a-wctomb_r.o)
 .data          0x00000000        0x0 c:/program files (x86)/gnu tools arm embedded/8 2018-q4-major/bin/../lib/gcc/arm-none-eabi/8.2.1/../../../../arm-none-eabi/lib/thumb/v7+fp/hard\libc.a(lib_a-wctomb_r.o)
 .bss           0x00000000        0x0 c:/program files (x86)/gnu tools arm embedded/8 2018-q4-major/bin/../lib/gcc/arm-none-eabi/8.2.1/../../../../arm-none-eabi/lib/thumb/v7+fp/hard\libc.a(lib_a-wctomb_r.o)
 .text._wctomb_r
                0x00000000       0x18 c:/program files (x86)/gnu tools arm embedded/8 2018-q4-major/bin/../lib/gcc/arm-none-eabi/8.2.1/../../../../arm-none-eabi/lib/thumb/v7+fp/hard\libc.a(lib_a-wctomb_r.o)
 .debug_frame   0x00000000       0x3c c:/program files (x86)/gnu tools arm embedded/8 2018-q4-major/bin/../lib/gcc/arm-none-eabi/8.2.1/../../../../arm-none-eabi/lib/thumb/v7+fp/hard\libc.a(lib_a-wctomb_r.o)
 .text          0x00000000        0x0 c:/program files (x86)/gnu tools arm embedded/8 2018-q4-major/bin/../lib/gcc/arm-none-eabi/8.2.1/../../../../arm-none-eabi/lib/thumb/v7+fp/hard\libc.a(lib_a-lock.o)
 .data          0x00000000        0x0 c:/program files (x86)/gnu tools arm embedded/8 2018-q4-major/bin/../lib/gcc/arm-none-eabi/8.2.1/../../../../arm-none-eabi/lib/thumb/v7+fp/hard\libc.a(lib_a-lock.o)
 .bss           0x00000000        0x0 c:/program files (x86)/gnu tools arm embedded/8 2018-q4-major/bin/../lib/gcc/arm-none-eabi/8.2.1/../../../../arm-none-eabi/lib/thumb/v7+fp/hard\libc.a(lib_a-lock.o)
 .text.__retarget_lock_init
                0x00000000        0x4 c:/program files (x86)/gnu tools arm embedded/8 2018-q4-major/bin/../lib/gcc/arm-none-eabi/8.2.1/../../../../arm-none-eabi/lib/thumb/v7+fp/hard\libc.a(lib_a-lock.o)
 .text.__retarget_lock_init_recursive
                0x00000000        0x4 c:/program files (x86)/gnu tools arm embedded/8 2018-q4-major/bin/../lib/gcc/arm-none-eabi/8.2.1/../../../../arm-none-eabi/lib/thumb/v7+fp/hard\libc.a(lib_a-lock.o)
 .text.__retarget_lock_close
                0x00000000        0x4 c:/program files (x86)/gnu tools arm embedded/8 2018-q4-major/bin/../lib/gcc/arm-none-eabi/8.2.1/../../../../arm-none-eabi/lib/thumb/v7+fp/hard\libc.a(lib_a-lock.o)
 .text.__retarget_lock_close_recursive
                0x00000000        0x4 c:/program files (x86)/gnu tools arm embedded/8 2018-q4-major/bin/../lib/gcc/arm-none-eabi/8.2.1/../../../../arm-none-eabi/lib/thumb/v7+fp/hard\libc.a(lib_a-lock.o)
 .text.__retarget_lock_acquire
                0x00000000        0x4 c:/program files (x86)/gnu tools arm embedded/8 2018-q4-major/bin/../lib/gcc/arm-none-eabi/8.2.1/../../../../arm-none-eabi/lib/thumb/v7+fp/hard\libc.a(lib_a-lock.o)
 .text.__retarget_lock_acquire_recursive
                0x00000000        0x4 c:/program files (x86)/gnu tools arm embedded/8 2018-q4-major/bin/../lib/gcc/arm-none-eabi/8.2.1/../../../../arm-none-eabi/lib/thumb/v7+fp/hard\libc.a(lib_a-lock.o)
 .text.__retarget_lock_try_acquire
                0x00000000        0x4 c:/program files (x86)/gnu tools arm embedded/8 2018-q4-major/bin/../lib/gcc/arm-none-eabi/8.2.1/../../../../arm-none-eabi/lib/thumb/v7+fp/hard\libc.a(lib_a-lock.o)
 .text.__retarget_lock_try_acquire_recursive
                0x00000000        0x4 c:/program files (x86)/gnu tools arm embedded/8 2018-q4-major/bin/../lib/gcc/arm-none-eabi/8.2.1/../../../../arm-none-eabi/lib/thumb/v7+fp/hard\libc.a(lib_a-lock.o)
 .text.__retarget_lock_release
                0x00000000        0x4 c:/program files (x86)/gnu tools arm embedded/8 2018-q4-major/bin/../lib/gcc/arm-none-eabi/8.2.1/../../../../arm-none-eabi/lib/thumb/v7+fp/hard\libc.a(lib_a-lock.o)
 .text.__retarget_lock_release_recursive
                0x00000000        0x4 c:/program files (x86)/gnu tools arm embedded/8 2018-q4-major/bin/../lib/gcc/arm-none-eabi/8.2.1/../../../../arm-none-eabi/lib/thumb/v7+fp/hard\libc.a(lib_a-lock.o)
 .debug_frame   0x00000000       0xb0 c:/program files (x86)/gnu tools arm embedded/8 2018-q4-major/bin/../lib/gcc/arm-none-eabi/8.2.1/../../../../arm-none-eabi/lib/thumb/v7+fp/hard\libc.a(lib_a-lock.o)
 .ARM.attributes
                0x00000000       0x2d c:/program files (x86)/gnu tools arm embedded/8 2018-q4-major/bin/../lib/gcc/arm-none-eabi/8.2.1/../../../../arm-none-eabi/lib/thumb/v7+fp/hard\libc.a(lib_a-lock.o)
 COMMON         0x00000000       0x21 c:/program files (x86)/gnu tools arm embedded/8 2018-q4-major/bin/../lib/gcc/arm-none-eabi/8.2.1/../../../../arm-none-eabi/lib/thumb/v7+fp/hard\libc.a(lib_a-lock.o)

Memory Configuration

Name             Origin             Length             Attributes
RAM              0x00008000         0x08000000         xrw
*default*        0x00000000         0xffffffff

Linker script and memory map


.text           0x00008000     0x7cdc
                0x00008000                . = ALIGN (0x4)
                0x00008000                __text_start__ = .
                0x00008000                _start = .
 *(.text.startup)
 .text.startup  0x00008000      0x43c C:\Users\remtr\AppData\Local\Temp\ccqL0eBU.o
                0x0000839c                RPi_CpuIdString
                0x000083f4                EnableInterrupts
                0x000083fc                DisableInterrupts
                0x00008404                CoreExecute
 *(.text .text.* .gnu.linkonce.t.*)
 .text          0x0000843c      0x278 C:\Users\remtr\AppData\Local\Temp\ccUHkwAc.o
                0x0000843c                kernel_main
                0x00008590                DisplayDirectory
 .text.ARMaddrToGPUaddr
                0x000086b4       0x14 C:\Users\remtr\AppData\Local\Temp\ccqL0eBU.o
                0x000086b4                ARMaddrToGPUaddr
 .text.GPUaddrToARMaddr
                0x000086c8       0x5c C:\Users\remtr\AppData\Local\Temp\ccqL0eBU.o
                0x000086c8                GPUaddrToARMaddr
                0x000086dc                c_irq_handler
                0x000086e0                c_irq_identify_and_clear_source
 .text          0x00008724     0x22fc C:\Users\remtr\AppData\Local\Temp\ccX6V6Wj.o
                0x00009694                gpio_setup
                0x000096f8                gpio_output
                0x00009750                gpio_input
                0x00009798                gpio_checkEvent
                0x000097dc                gpio_clearEvent
                0x0000981c                gpio_edgeDetect
                0x00009898                gpio_fixResistor
                0x00009990                timer_getTickCount
                0x000099d4                timer_wait
                0x00009a44                tick_difference
                0x00009a50                mailbox_write
                0x00009a94                mailbox_read
                0x00009ae0                mailbox_tag_message
                0x00009bec                set_Activity_LED
                0x00009d58                ARM_setmaxspeed
                0x00009df8                displaySmartStart
                0x00009e70                Embedded_Console_WriteChar
                0x00009f2c                WriteText
                0x0000a014                SetDCPenColor
                0x0000a028                SetDCBrushColor
                0x0000a03c                MoveToEx
                0x0000a074                LineTo
                0x0000a14c                TextOut
                0x0000a1bc                BmpOut
                0x0000a210                CvtBmpLine
                0x0000a5b4                SmartStartPutPixelRaw
                0x0000a5c4                Rectangle
                0x0000a5f8                PiConsole_Init
                0x0000a89c                GetConsoleDC
                0x0000a8a8                GetConsole_FrameBuffer
                0x0000a8b8                GetConsole_Width
                0x0000a8c8                GetConsole_Height
                0x0000a904                _kill
                0x0000a91c                _getpid
                0x0000a924                _read
                0x0000a92c                _close
                0x0000a934                _lseek
                0x0000a93c                _isatty
                0x0000a944                _fstat
                0x0000a954                _exit
                0x0000a958                _write
 .text          0x0000aa20      0xaac C:\Users\remtr\AppData\Local\Temp\ccCgZg8Y.o
                0x0000accc                vsprintf
                0x0000b44c                sprintf
                0x0000b478                printf
 *fill*         0x0000b4cc        0x4 
 .text          0x0000b4d0     0x35bc C:\Users\remtr\AppData\Local\Temp\ccMftchq.o
                0x0000c71c                sdTransferBlocks
                0x0000ca18                sdClearBlocks
                0x0000cb48                getSetNextCluster
                0x0000cd10                WildcardMatch
                0x0000d5a4                sdFindFirstFile
                0x0000d950                sdFindNextFile
                0x0000da04                sdFindClose
                0x0000da40                sdCreateFile
                0x0000de9c                sdReadFile
                0x0000e1f0                sdCloseHandle
                0x0000e22c                sdSetFilePointer
                0x0000e5a0                sdGetFileSize
                0x0000e5d4                sdInitCard
                0x0000ea70                sdCardCSD
 .text          0x0000ea8c      0x4fc C:\Users\remtr\AppData\Local\Temp\cc0ychbm.o
                0x0000ea8c                fonts_is_implemented
                0x0000ea9c                fonts_char_to_font
                0x0000eab0                fonts_init
 .text          0x0000ef88      0x9b8 C:\Users\remtr\AppData\Local\Temp\ccj6x2Ip.o
                0x0000ef88                hal_io_init
                0x0000ef8c                hal_io_video_init
                0x0000ef94                hal_io_video_line
                0x0000f088                hal_io_video_putc
                0x0000f32c                hal_io_video_putc_x_y
                0x0000f534                hal_io_video_puts
                0x0000f80c                hal_io_video_put_pixel
                0x0000f83c                hal_io_serial_init
                0x0000f8b0                hal_io_serial_puts
                0x0000f8e4                hal_io_serial_putc
                0x0000f908                hal_io_serial_getc
 .text          0x0000f940       0xec c:/program files (x86)/gnu tools arm embedded/8 2018-q4-major/bin/../lib/gcc/arm-none-eabi/8.2.1/../../../../arm-none-eabi/lib/thumb/v7+fp/hard\libc.a(lib_a-memcpy.o)
                0x0000f940                memcpy
 .text.strchr   0x0000fa2c       0xe4 c:/program files (x86)/gnu tools arm embedded/8 2018-q4-major/bin/../lib/gcc/arm-none-eabi/8.2.1/../../../../arm-none-eabi/lib/thumb/v7+fp/hard\libc.a(lib_a-strchr.o)
                0x0000fa2c                strchr
 .text.strlen   0x0000fb10       0x5c c:/program files (x86)/gnu tools arm embedded/8 2018-q4-major/bin/../lib/gcc/arm-none-eabi/8.2.1/../../../../arm-none-eabi/lib/thumb/v7+fp/hard\libc.a(lib_a-strlen-stub.o)
                0x0000fb10                strlen
 .text.strnlen  0x0000fb6c       0x48 c:/program files (x86)/gnu tools arm embedded/8 2018-q4-major/bin/../lib/gcc/arm-none-eabi/8.2.1/../../../../arm-none-eabi/lib/thumb/v7+fp/hard\libc.a(lib_a-strnlen.o)
                0x0000fb6c                strnlen
 .text.wctob    0x0000fbb4       0x4c c:/program files (x86)/gnu tools arm embedded/8 2018-q4-major/bin/../lib/gcc/arm-none-eabi/8.2.1/../../../../arm-none-eabi/lib/thumb/v7+fp/hard\libc.a(lib_a-wctob.o)
                0x0000fbb4                wctob
 .text.__ascii_mbtowc
                0x0000fc00       0x24 c:/program files (x86)/gnu tools arm embedded/8 2018-q4-major/bin/../lib/gcc/arm-none-eabi/8.2.1/../../../../arm-none-eabi/lib/thumb/v7+fp/hard\libc.a(lib_a-mbtowc_r.o)
                0x0000fc00                __ascii_mbtowc
 .text.memset   0x0000fc24       0xa0 c:/program files (x86)/gnu tools arm embedded/8 2018-q4-major/bin/../lib/gcc/arm-none-eabi/8.2.1/../../../../arm-none-eabi/lib/thumb/v7+fp/hard\libc.a(lib_a-memset.o)
                0x0000fc24                memset
 .text.__ascii_wctomb
                0x0000fcc4       0x18 c:/program files (x86)/gnu tools arm embedded/8 2018-q4-major/bin/../lib/gcc/arm-none-eabi/8.2.1/../../../../arm-none-eabi/lib/thumb/v7+fp/hard\libc.a(lib_a-wctomb_r.o)
                0x0000fcc4                __ascii_wctomb
 *(.rel.text .rel.text.* .rel.gnu.linkonce.t.*)
 *(.init .init.*)
                0x0000fcdc                . = ALIGN (0x4)
                0x0000fcdc                __text_end__ = .

.glue_7         0x0000fcdc        0x0
 .glue_7        0x0000fcdc        0x0 linker stubs

.glue_7t        0x0000fcdc        0x0
 .glue_7t       0x0000fcdc        0x0 linker stubs

.vfp11_veneer   0x0000fcdc        0x0
 .vfp11_veneer  0x0000fcdc        0x0 linker stubs

.v4_bx          0x0000fcdc        0x0
 .v4_bx         0x0000fcdc        0x0 linker stubs

.iplt           0x0000fcdc        0x0
 .iplt          0x0000fcdc        0x0 C:\Users\remtr\AppData\Local\Temp\ccUHkwAc.o

.bss            0x0000fce0     0x3680
                0x0000fce0                . = ALIGN (0x4)
                0x0000fce0                __bss_start__ = .
 *(.bss .bss.* .gnu.linkonce.b.*)
 .bss           0x0000fce0       0x4c C:\Users\remtr\AppData\Local\Temp\ccX6V6Wj.o
                0x0000fce4                console
 *fill*         0x0000fd2c        0x4 
 .bss           0x0000fd30     0x25a0 C:\Users\remtr\AppData\Local\Temp\ccMftchq.o
                0x0000fd30                LOG_ERROR
 .bss           0x000122d0      0x8bc C:\Users\remtr\AppData\Local\Temp\cc0ychbm.o
 *(.rela.bss .rela.bss.* .rela.gnu.linkonce.b.*)
 *(COMMON)
 COMMON         0x00012b8c      0x7d0 C:\Users\remtr\AppData\Local\Temp\ccUHkwAc.o
                0x00012b8c                buffer
 COMMON         0x0001335c        0x4 c:/program files (x86)/gnu tools arm embedded/8 2018-q4-major/bin/../lib/gcc/arm-none-eabi/8.2.1/../../../../arm-none-eabi/lib/thumb/v7+fp/hard\libc.a(lib_a-reent.o)
                0x0001335c                errno
                0x00013360                . = ALIGN (0x4)
                0x00013360                __bss_end__ = .

.rodata         0x00013360     0x16c4
                0x00013360                . = ALIGN (0x4)
                0x00013360                __rodata_start__ = .
 *(.rodata .rodata.*)
 .rodata        0x00013360       0x30 C:\Users\remtr\AppData\Local\Temp\ccUHkwAc.o
 .rodata.str1.4
                0x00013390       0xd0 C:\Users\remtr\AppData\Local\Temp\ccUHkwAc.o
                                 0xd4 (size before relaxing)
 .rodata.cpuid  0x00013460       0x36 C:\Users\remtr\AppData\Local\Temp\ccqL0eBU.o
 *fill*         0x00013496        0x2 
 .rodata        0x00013498     0x1004 C:\Users\remtr\AppData\Local\Temp\ccX6V6Wj.o
                0x00014498                BitFontEnd
 .rodata.str1.4
                0x0001449c       0xe8 C:\Users\remtr\AppData\Local\Temp\ccX6V6Wj.o
 .rodata        0x00014584       0x10 C:\Users\remtr\AppData\Local\Temp\ccCgZg8Y.o
 .rodata        0x00014594       0x14 C:\Users\remtr\AppData\Local\Temp\ccMftchq.o
 .rodata.str1.4
                0x000145a8      0x36a C:\Users\remtr\AppData\Local\Temp\ccMftchq.o
 *fill*         0x00014912        0x2 
 .rodata._ctype_
                0x00014914      0x101 c:/program files (x86)/gnu tools arm embedded/8 2018-q4-major/bin/../lib/gcc/arm-none-eabi/8.2.1/../../../../arm-none-eabi/lib/thumb/v7+fp/hard\libc.a(lib_a-ctype_.o)
                0x00014914                _ctype_
 *fill*         0x00014a15        0x3 
 .rodata._setlocale_r.str1.4
                0x00014a18        0x6 c:/program files (x86)/gnu tools arm embedded/8 2018-q4-major/bin/../lib/gcc/arm-none-eabi/8.2.1/../../../../arm-none-eabi/lib/thumb/v7+fp/hard\libc.a(lib_a-locale.o)
                                  0xd (size before relaxing)
 *fill*         0x00014a1e        0x2 
 .rodata.str1.4
                0x00014a20        0x4 c:/program files (x86)/gnu tools arm embedded/8 2018-q4-major/bin/../lib/gcc/arm-none-eabi/8.2.1/../../../../arm-none-eabi/lib/thumb/v7+fp/hard\libc.a(lib_a-locale.o)
                                  0x2 (size before relaxing)
 *(.rel.rodata .rel.rodata.* .rel.gnu.linkonce.r.*)
                0x00014a24                . = ALIGN (0x4)
                0x00014a24                __rodata_end__ = .

.rel.dyn        0x00014a24        0x0
 .rel.iplt      0x00014a24        0x0 C:\Users\remtr\AppData\Local\Temp\ccUHkwAc.o

.data           0x00014a28      0x974
                0x00014a28                . = ALIGN (0x4)
                0x00014a28                __data_start__ = .
 *(.data .data.* .gnu.linkonce.d.*)
 .data.smartstart
                0x00014a28        0xc C:\Users\remtr\AppData\Local\Temp\ccqL0eBU.o
                0x00014a2c                RPi_CPUCurrentMode
                0x00014a30                RPi_Heap
 .data.smartstart32
                0x00014a34       0x18 C:\Users\remtr\AppData\Local\Temp\ccqL0eBU.o
                0x00014a34                RPi_IO_Base_Addr
                0x00014a38                RPi_BootAddr
                0x00014a3c                RPi_CoresReady
                0x00014a40                RPi_CPUBootMode
                0x00014a44                RPi_CpuId
                0x00014a48                RPi_CompileMode
 .data          0x00014a4c        0x4 C:\Users\remtr\AppData\Local\Temp\ccX6V6Wj.o
 .data          0x00014a50      0x3a8 C:\Users\remtr\AppData\Local\Temp\ccMftchq.o
 .data          0x00014df8        0x8 C:\Users\remtr\AppData\Local\Temp\ccj6x2Ip.o
                0x00014df8                curr_y
                0x00014dfc                curr_x
 .data._impure_ptr
                0x00014e00        0x4 c:/program files (x86)/gnu tools arm embedded/8 2018-q4-major/bin/../lib/gcc/arm-none-eabi/8.2.1/../../../../arm-none-eabi/lib/thumb/v7+fp/hard\libc.a(lib_a-impure.o)
                0x00014e00                _impure_ptr
 *fill*         0x00014e04        0x4 
 .data.impure_data
                0x00014e08      0x428 c:/program files (x86)/gnu tools arm embedded/8 2018-q4-major/bin/../lib/gcc/arm-none-eabi/8.2.1/../../../../arm-none-eabi/lib/thumb/v7+fp/hard\libc.a(lib_a-impure.o)
 .data.__global_locale
                0x00015230      0x16c c:/program files (x86)/gnu tools arm embedded/8 2018-q4-major/bin/../lib/gcc/arm-none-eabi/8.2.1/../../../../arm-none-eabi/lib/thumb/v7+fp/hard\libc.a(lib_a-locale.o)
                0x00015230                __global_locale
 *(.rel.data .rel.data.* .rel.gnu.linkonce.d.*)
                0x0001539c                . = ALIGN (0x4)
                0x0001539c                __data_end__ = .

.igot.plt       0x0001539c        0x0
 .igot.plt      0x0001539c        0x0 C:\Users\remtr\AppData\Local\Temp\ccUHkwAc.o

.data1          0x0001539c        0x4
                0x000153a0                . = ALIGN (0x10)
 *fill*         0x0001539c        0x4 
                0x000153a0                __data1_start__ = .
 *(.data1 .data1.*)
 *(.rel.data1 .rel.data1.*)
                0x000153a0                . = ALIGN (0x10)
                0x000153a0                __data1_end__ = .

.stack          0x000153a0     0xa200
                0x000153a0                . = ALIGN (0x8)
                0x000153a0                __stack_start__core0 = .
                0x000155a0                . = (. + 0x200)
 *fill*         0x000153a0      0x200 
                0x000155a0                __HYP_stack_core0 = .
                0x0001d5a0                . = (. + 0x8000)
 *fill*         0x000155a0     0x8000 
                0x0001d5a0                __SVC_stack_core0 = .
                0x0001e5a0                . = (. + 0x1000)
 *fill*         0x0001d5a0     0x1000 
                0x0001e5a0                __IRQ_stack_core0 = .
                0x0001f5a0                . = (. + 0x1000)
 *fill*         0x0001e5a0     0x1000 
                0x0001f5a0                __FIQ_stack_core0 = .
                0x0001f5a0                . = ALIGN (0x8)
                0x0001f5a0                __stack_end__core0 = .

.stack_core1    0x0001f5a0     0x1600
                0x0001f5a0                . = ALIGN (0x8)
                0x0001f5a0                __stack_start__core1 = .
                0x0001f7a0                . = (. + 0x200)
 *fill*         0x0001f5a0      0x200 
                0x0001f7a0                __HYP_stack_core1 = .
                0x000207a0                . = (. + 0x1000)
 *fill*         0x0001f7a0     0x1000 
                0x000207a0                __SVC_stack_core1 = .
                0x000209a0                . = (. + 0x200)
 *fill*         0x000207a0      0x200 
                0x000209a0                __IRQ_stack_core1 = .
                0x00020ba0                . = (. + 0x200)
 *fill*         0x000209a0      0x200 
                0x00020ba0                __FIQ_stack_core1 = .
                0x00020ba0                . = ALIGN (0x8)
                0x00020ba0                __stack_end__core1 = .

.stack_core2    0x00020ba0     0x1600
                0x00020ba0                . = ALIGN (0x8)
                0x00020ba0                __stack_start__core2 = .
                0x00020da0                . = (. + 0x200)
 *fill*         0x00020ba0      0x200 
                0x00020da0                __HYP_stack_core2 = .
                0x00021da0                . = (. + 0x1000)
 *fill*         0x00020da0     0x1000 
                0x00021da0                __SVC_stack_core2 = .
                0x00021fa0                . = (. + 0x200)
 *fill*         0x00021da0      0x200 
                0x00021fa0                __IRQ_stack_core2 = .
                0x000221a0                . = (. + 0x200)
 *fill*         0x00021fa0      0x200 
                0x000221a0                __FIQ_stack_core2 = .
                0x000221a0                . = ALIGN (0x8)
                0x000221a0                __stack_end__core2 = .

.stack_core3    0x000221a0     0x1600
                0x000221a0                . = ALIGN (0x8)
                0x000221a0                __stack_start__core3 = .
                0x000223a0                . = (. + 0x200)
 *fill*         0x000221a0      0x200 
                0x000223a0                __HYP_stack_core3 = .
                0x000233a0                . = (. + 0x1000)
 *fill*         0x000223a0     0x1000 
                0x000233a0                __SVC_stack_core3 = .
                0x000235a0                . = (. + 0x200)
 *fill*         0x000233a0      0x200 
                0x000235a0                __IRQ_stack_core3 = .
                0x000237a0                . = (. + 0x200)
 *fill*         0x000235a0      0x200 
                0x000237a0                __FIQ_stack_core3 = .
                0x000237a0                . = ALIGN (0x8)
                0x000237a0                __stack_end__core3 = .

.ARM.attributes
                0x00000000       0x39
 *(.ARM.attributes)
 .ARM.attributes
                0x00000000       0x39 C:\Users\remtr\AppData\Local\Temp\ccUHkwAc.o
 .ARM.attributes
                0x00000039       0x27 C:\Users\remtr\AppData\Local\Temp\ccqL0eBU.o
 .ARM.attributes
                0x00000060       0x39 C:\Users\remtr\AppData\Local\Temp\ccX6V6Wj.o
 .ARM.attributes
                0x00000099       0x39 C:\Users\remtr\AppData\Local\Temp\ccCgZg8Y.o
 .ARM.attributes
                0x000000d2       0x39 C:\Users\remtr\AppData\Local\Temp\ccMftchq.o
 .ARM.attributes
                0x0000010b       0x39 C:\Users\remtr\AppData\Local\Temp\cc0ychbm.o
 .ARM.attributes
                0x00000144       0x39 C:\Users\remtr\AppData\Local\Temp\ccj6x2Ip.o
 .ARM.attributes
                0x0000017d       0x2b c:/program files (x86)/gnu tools arm embedded/8 2018-q4-major/bin/../lib/gcc/arm-none-eabi/8.2.1/../../../../arm-none-eabi/lib/thumb/v7+fp/hard\libc.a(lib_a-ctype_.o)
 .ARM.attributes
                0x000001a8       0x17 c:/program files (x86)/gnu tools arm embedded/8 2018-q4-major/bin/../lib/gcc/arm-none-eabi/8.2.1/../../../../arm-none-eabi/lib/thumb/v7+fp/hard\libc.a(lib_a-memcpy.o)
 .ARM.attributes
                0x000001bf       0x2d c:/program files (x86)/gnu tools arm embedded/8 2018-q4-major/bin/../lib/gcc/arm-none-eabi/8.2.1/../../../../arm-none-eabi/lib/thumb/v7+fp/hard\libc.a(lib_a-reent.o)
 .ARM.attributes
                0x000001ec       0x2d c:/program files (x86)/gnu tools arm embedded/8 2018-q4-major/bin/../lib/gcc/arm-none-eabi/8.2.1/../../../../arm-none-eabi/lib/thumb/v7+fp/hard\libc.a(lib_a-strchr.o)
 .ARM.attributes
                0x00000219       0x2d c:/program files (x86)/gnu tools arm embedded/8 2018-q4-major/bin/../lib/gcc/arm-none-eabi/8.2.1/../../../../arm-none-eabi/lib/thumb/v7+fp/hard\libc.a(lib_a-strlen-stub.o)
 .ARM.attributes
                0x00000246       0x2d c:/program files (x86)/gnu tools arm embedded/8 2018-q4-major/bin/../lib/gcc/arm-none-eabi/8.2.1/../../../../arm-none-eabi/lib/thumb/v7+fp/hard\libc.a(lib_a-strnlen.o)
 .ARM.attributes
                0x00000273       0x2d c:/program files (x86)/gnu tools arm embedded/8 2018-q4-major/bin/../lib/gcc/arm-none-eabi/8.2.1/../../../../arm-none-eabi/lib/thumb/v7+fp/hard\libc.a(lib_a-wctob.o)
 .ARM.attributes
                0x000002a0       0x2b c:/program files (x86)/gnu tools arm embedded/8 2018-q4-major/bin/../lib/gcc/arm-none-eabi/8.2.1/../../../../arm-none-eabi/lib/thumb/v7+fp/hard\libc.a(lib_a-impure.o)
 .ARM.attributes
                0x000002cb       0x2d c:/program files (x86)/gnu tools arm embedded/8 2018-q4-major/bin/../lib/gcc/arm-none-eabi/8.2.1/../../../../arm-none-eabi/lib/thumb/v7+fp/hard\libc.a(lib_a-locale.o)
 .ARM.attributes
                0x000002f8       0x2d c:/program files (x86)/gnu tools arm embedded/8 2018-q4-major/bin/../lib/gcc/arm-none-eabi/8.2.1/../../../../arm-none-eabi/lib/thumb/v7+fp/hard\libc.a(lib_a-mbtowc_r.o)
 .ARM.attributes
                0x00000325       0x2d c:/program files (x86)/gnu tools arm embedded/8 2018-q4-major/bin/../lib/gcc/arm-none-eabi/8.2.1/../../../../arm-none-eabi/lib/thumb/v7+fp/hard\libc.a(lib_a-memset.o)
 .ARM.attributes
                0x00000352       0x2d c:/program files (x86)/gnu tools arm embedded/8 2018-q4-major/bin/../lib/gcc/arm-none-eabi/8.2.1/../../../../arm-none-eabi/lib/thumb/v7+fp/hard\libc.a(lib_a-wctomb_r.o)

.Heap           0x000237a0        0x0
                0x000237a0                . = ALIGN (0x4)
                0x000237a0                __heap_start__ = .
                0x000237a0                _end = .
                [!provide]                PROVIDE (end = .)

/DISCARD/
 *(.ARM.exidx .ARM.exidx.*)
 *(.rel.ARM.exidx .rel.ARM.exidx.* .gnu.linkonce.armexidx.*)
 *(.debug_frame .debug_frame.*)
 *(.comment *.comment.*)
 *(.symtab .symtab.*)
 *(.strtab .strtab.*)
 *(.shstrtab .shstrtab.*)
 libc.a(*)
 libm.a(*)
 libgcc.a(*)
 *(.note.GNU-stack)
 *(.gnu_debuglink)
 *(.gnu.lto_*)
LOAD C:\Users\remtr\AppData\Local\Temp\ccUHkwAc.o
LOAD C:\Users\remtr\AppData\Local\Temp\ccqL0eBU.o
LOAD C:\Users\remtr\AppData\Local\Temp\ccX6V6Wj.o
LOAD C:\Users\remtr\AppData\Local\Temp\ccCgZg8Y.o
LOAD C:\Users\remtr\AppData\Local\Temp\ccMftchq.o
LOAD C:\Users\remtr\AppData\Local\Temp\cc0ychbm.o
LOAD C:\Users\remtr\AppData\Local\Temp\ccj6x2Ip.o
LOAD C:\Users\remtr\AppData\Local\Temp\ccG5MNVv.o
LOAD c:/program files (x86)/gnu tools arm embedded/8 2018-q4-major/bin/../lib/gcc/arm-none-eabi/8.2.1/../../../../arm-none-eabi/lib/thumb/v7+fp/hard\libc.a
LOAD c:/program files (x86)/gnu tools arm embedded/8 2018-q4-major/bin/../lib/gcc/arm-none-eabi/8.2.1/../../../../arm-none-eabi/lib/thumb/v7+fp/hard\libm.a
LOAD c:/program files (x86)/gnu tools arm embedded/8 2018-q4-major/bin/../lib/gcc/arm-none-eabi/8.2.1/../../../../arm-none-eabi/lib/thumb/v7+fp/hard\libg.a
LOAD c:/program files (x86)/gnu tools arm embedded/8 2018-q4-major/bin/../lib/gcc/arm-none-eabi/8.2.1/thumb/v7+fp/hard\libgcc.a
OUTPUT(output/kernel_rp2.elf elf32-littlearm)
