Archive member included to satisfy reference by file (symbol)

c:/program files (x86)/gnu tools arm embedded/8 2018-q4-major/bin/../lib/gcc/arm-none-eabi/8.2.1/../../../../arm-none-eabi/lib/arm/v5te/hard\libc.a(lib_a-ctype_.o)
                              C:\Users\Carlo\AppData\Local\Temp\ccVjhvLY.o (_ctype_)
c:/program files (x86)/gnu tools arm embedded/8 2018-q4-major/bin/../lib/gcc/arm-none-eabi/8.2.1/../../../../arm-none-eabi/lib/arm/v5te/hard\libc.a(lib_a-memcpy-stub.o)
                              C:\Users\Carlo\AppData\Local\Temp\ccI1wirV.o (memcpy)
c:/program files (x86)/gnu tools arm embedded/8 2018-q4-major/bin/../lib/gcc/arm-none-eabi/8.2.1/../../../../arm-none-eabi/lib/arm/v5te/hard\libc.a(lib_a-reent.o)
                              C:\Users\Carlo\AppData\Local\Temp\ccI1wirV.o (errno)
c:/program files (x86)/gnu tools arm embedded/8 2018-q4-major/bin/../lib/gcc/arm-none-eabi/8.2.1/../../../../arm-none-eabi/lib/arm/v5te/hard\libc.a(lib_a-strchr.o)
                              C:\Users\Carlo\AppData\Local\Temp\ccoSx05M.o (strchr)
c:/program files (x86)/gnu tools arm embedded/8 2018-q4-major/bin/../lib/gcc/arm-none-eabi/8.2.1/../../../../arm-none-eabi/lib/arm/v5te/hard\libc.a(lib_a-strlen-stub.o)
                              C:\Users\Carlo\AppData\Local\Temp\ccI1wirV.o (strlen)
c:/program files (x86)/gnu tools arm embedded/8 2018-q4-major/bin/../lib/gcc/arm-none-eabi/8.2.1/../../../../arm-none-eabi/lib/arm/v5te/hard\libc.a(lib_a-strnlen.o)
                              C:\Users\Carlo\AppData\Local\Temp\ccVjhvLY.o (strnlen)
c:/program files (x86)/gnu tools arm embedded/8 2018-q4-major/bin/../lib/gcc/arm-none-eabi/8.2.1/../../../../arm-none-eabi/lib/arm/v5te/hard\libc.a(lib_a-wctob.o)
                              C:\Users\Carlo\AppData\Local\Temp\ccoSx05M.o (wctob)
c:/program files (x86)/gnu tools arm embedded/8 2018-q4-major/bin/../lib/gcc/arm-none-eabi/8.2.1/../../../../arm-none-eabi/lib/arm/v5te/hard\libc.a(lib_a-freer.o)
                              c:/program files (x86)/gnu tools arm embedded/8 2018-q4-major/bin/../lib/gcc/arm-none-eabi/8.2.1/../../../../arm-none-eabi/lib/arm/v5te/hard\libc.a(lib_a-reent.o) (_free_r)
c:/program files (x86)/gnu tools arm embedded/8 2018-q4-major/bin/../lib/gcc/arm-none-eabi/8.2.1/../../../../arm-none-eabi/lib/arm/v5te/hard\libc.a(lib_a-impure.o)
                              c:/program files (x86)/gnu tools arm embedded/8 2018-q4-major/bin/../lib/gcc/arm-none-eabi/8.2.1/../../../../arm-none-eabi/lib/arm/v5te/hard\libc.a(lib_a-reent.o) (_impure_ptr)
c:/program files (x86)/gnu tools arm embedded/8 2018-q4-major/bin/../lib/gcc/arm-none-eabi/8.2.1/../../../../arm-none-eabi/lib/arm/v5te/hard\libc.a(lib_a-locale.o)
                              c:/program files (x86)/gnu tools arm embedded/8 2018-q4-major/bin/../lib/gcc/arm-none-eabi/8.2.1/../../../../arm-none-eabi/lib/arm/v5te/hard\libc.a(lib_a-wctob.o) (__global_locale)
c:/program files (x86)/gnu tools arm embedded/8 2018-q4-major/bin/../lib/gcc/arm-none-eabi/8.2.1/../../../../arm-none-eabi/lib/arm/v5te/hard\libc.a(lib_a-mallocr.o)
                              c:/program files (x86)/gnu tools arm embedded/8 2018-q4-major/bin/../lib/gcc/arm-none-eabi/8.2.1/../../../../arm-none-eabi/lib/arm/v5te/hard\libc.a(lib_a-freer.o) (__malloc_current_mallinfo)
c:/program files (x86)/gnu tools arm embedded/8 2018-q4-major/bin/../lib/gcc/arm-none-eabi/8.2.1/../../../../arm-none-eabi/lib/arm/v5te/hard\libc.a(lib_a-mbtowc_r.o)
                              c:/program files (x86)/gnu tools arm embedded/8 2018-q4-major/bin/../lib/gcc/arm-none-eabi/8.2.1/../../../../arm-none-eabi/lib/arm/v5te/hard\libc.a(lib_a-locale.o) (__ascii_mbtowc)
c:/program files (x86)/gnu tools arm embedded/8 2018-q4-major/bin/../lib/gcc/arm-none-eabi/8.2.1/../../../../arm-none-eabi/lib/arm/v5te/hard\libc.a(lib_a-memset.o)
                              c:/program files (x86)/gnu tools arm embedded/8 2018-q4-major/bin/../lib/gcc/arm-none-eabi/8.2.1/../../../../arm-none-eabi/lib/arm/v5te/hard\libc.a(lib_a-wctob.o) (memset)
c:/program files (x86)/gnu tools arm embedded/8 2018-q4-major/bin/../lib/gcc/arm-none-eabi/8.2.1/../../../../arm-none-eabi/lib/arm/v5te/hard\libc.a(lib_a-mlock.o)
                              c:/program files (x86)/gnu tools arm embedded/8 2018-q4-major/bin/../lib/gcc/arm-none-eabi/8.2.1/../../../../arm-none-eabi/lib/arm/v5te/hard\libc.a(lib_a-freer.o) (__malloc_lock)
c:/program files (x86)/gnu tools arm embedded/8 2018-q4-major/bin/../lib/gcc/arm-none-eabi/8.2.1/../../../../arm-none-eabi/lib/arm/v5te/hard\libc.a(lib_a-sbrkr.o)
                              c:/program files (x86)/gnu tools arm embedded/8 2018-q4-major/bin/../lib/gcc/arm-none-eabi/8.2.1/../../../../arm-none-eabi/lib/arm/v5te/hard\libc.a(lib_a-freer.o) (_sbrk_r)
c:/program files (x86)/gnu tools arm embedded/8 2018-q4-major/bin/../lib/gcc/arm-none-eabi/8.2.1/../../../../arm-none-eabi/lib/arm/v5te/hard\libc.a(lib_a-strcmp.o)
                              c:/program files (x86)/gnu tools arm embedded/8 2018-q4-major/bin/../lib/gcc/arm-none-eabi/8.2.1/../../../../arm-none-eabi/lib/arm/v5te/hard\libc.a(lib_a-locale.o) (strcmp)
c:/program files (x86)/gnu tools arm embedded/8 2018-q4-major/bin/../lib/gcc/arm-none-eabi/8.2.1/../../../../arm-none-eabi/lib/arm/v5te/hard\libc.a(lib_a-wctomb_r.o)
                              c:/program files (x86)/gnu tools arm embedded/8 2018-q4-major/bin/../lib/gcc/arm-none-eabi/8.2.1/../../../../arm-none-eabi/lib/arm/v5te/hard\libc.a(lib_a-locale.o) (__ascii_wctomb)
c:/program files (x86)/gnu tools arm embedded/8 2018-q4-major/bin/../lib/gcc/arm-none-eabi/8.2.1/../../../../arm-none-eabi/lib/arm/v5te/hard\libc.a(lib_a-lock.o)
                              c:/program files (x86)/gnu tools arm embedded/8 2018-q4-major/bin/../lib/gcc/arm-none-eabi/8.2.1/../../../../arm-none-eabi/lib/arm/v5te/hard\libc.a(lib_a-mlock.o) (__retarget_lock_acquire_recursive)
c:/program files (x86)/gnu tools arm embedded/8 2018-q4-major/bin/../lib/gcc/arm-none-eabi/8.2.1/arm/v5te/hard\libgcc.a(_udivsi3.o)
                              C:\Users\Carlo\AppData\Local\Temp\ccoSx05M.o (__aeabi_uidiv)
c:/program files (x86)/gnu tools arm embedded/8 2018-q4-major/bin/../lib/gcc/arm-none-eabi/8.2.1/arm/v5te/hard\libgcc.a(_divsi3.o)
                              C:\Users\Carlo\AppData\Local\Temp\ccoSx05M.o (__aeabi_idiv)
c:/program files (x86)/gnu tools arm embedded/8 2018-q4-major/bin/../lib/gcc/arm-none-eabi/8.2.1/arm/v5te/hard\libgcc.a(_dvmd_tls.o)
                              c:/program files (x86)/gnu tools arm embedded/8 2018-q4-major/bin/../lib/gcc/arm-none-eabi/8.2.1/arm/v5te/hard\libgcc.a(_udivsi3.o) (__aeabi_idiv0)

Allocating common symbols
Common symbol       size              file

__lock___atexit_recursive_mutex
                    0x1               c:/program files (x86)/gnu tools arm embedded/8 2018-q4-major/bin/../lib/gcc/arm-none-eabi/8.2.1/../../../../arm-none-eabi/lib/arm/v5te/hard\libc.a(lib_a-lock.o)
__lock___arc4random_mutex
                    0x1               c:/program files (x86)/gnu tools arm embedded/8 2018-q4-major/bin/../lib/gcc/arm-none-eabi/8.2.1/../../../../arm-none-eabi/lib/arm/v5te/hard\libc.a(lib_a-lock.o)
errno               0x4               c:/program files (x86)/gnu tools arm embedded/8 2018-q4-major/bin/../lib/gcc/arm-none-eabi/8.2.1/../../../../arm-none-eabi/lib/arm/v5te/hard\libc.a(lib_a-reent.o)
__lock___env_recursive_mutex
                    0x1               c:/program files (x86)/gnu tools arm embedded/8 2018-q4-major/bin/../lib/gcc/arm-none-eabi/8.2.1/../../../../arm-none-eabi/lib/arm/v5te/hard\libc.a(lib_a-lock.o)
__lock___sinit_recursive_mutex
                    0x1               c:/program files (x86)/gnu tools arm embedded/8 2018-q4-major/bin/../lib/gcc/arm-none-eabi/8.2.1/../../../../arm-none-eabi/lib/arm/v5te/hard\libc.a(lib_a-lock.o)
__lock___malloc_recursive_mutex
                    0x1               c:/program files (x86)/gnu tools arm embedded/8 2018-q4-major/bin/../lib/gcc/arm-none-eabi/8.2.1/../../../../arm-none-eabi/lib/arm/v5te/hard\libc.a(lib_a-lock.o)
buffer              0x7d0             C:\Users\Carlo\AppData\Local\Temp\ccgzLbGB.o
__lock___at_quick_exit_mutex
                    0x1               c:/program files (x86)/gnu tools arm embedded/8 2018-q4-major/bin/../lib/gcc/arm-none-eabi/8.2.1/../../../../arm-none-eabi/lib/arm/v5te/hard\libc.a(lib_a-lock.o)
__lock___dd_hash_mutex
                    0x1               c:/program files (x86)/gnu tools arm embedded/8 2018-q4-major/bin/../lib/gcc/arm-none-eabi/8.2.1/../../../../arm-none-eabi/lib/arm/v5te/hard\libc.a(lib_a-lock.o)
__lock___tz_mutex   0x1               c:/program files (x86)/gnu tools arm embedded/8 2018-q4-major/bin/../lib/gcc/arm-none-eabi/8.2.1/../../../../arm-none-eabi/lib/arm/v5te/hard\libc.a(lib_a-lock.o)
__lock___sfp_recursive_mutex
                    0x1               c:/program files (x86)/gnu tools arm embedded/8 2018-q4-major/bin/../lib/gcc/arm-none-eabi/8.2.1/../../../../arm-none-eabi/lib/arm/v5te/hard\libc.a(lib_a-lock.o)

Discarded input sections

 .data          0x00000000        0x0 C:\Users\Carlo\AppData\Local\Temp\ccgzLbGB.o
 .bss           0x00000000        0x0 C:\Users\Carlo\AppData\Local\Temp\ccgzLbGB.o
 .comment       0x00000000       0x76 C:\Users\Carlo\AppData\Local\Temp\ccgzLbGB.o
 .text          0x00000000        0x0 C:\Users\Carlo\AppData\Local\Temp\ccQ9SEhY.o
 .data          0x00000000        0x0 C:\Users\Carlo\AppData\Local\Temp\ccQ9SEhY.o
 .bss           0x00000000        0x0 C:\Users\Carlo\AppData\Local\Temp\ccQ9SEhY.o
 .text._sbrk    0x00000000       0x2c C:\Users\Carlo\AppData\Local\Temp\ccQ9SEhY.o
 .comment       0x00000000       0x76 C:\Users\Carlo\AppData\Local\Temp\ccI1wirV.o
 .data          0x00000000        0x0 C:\Users\Carlo\AppData\Local\Temp\ccVjhvLY.o
 .bss           0x00000000        0x0 C:\Users\Carlo\AppData\Local\Temp\ccVjhvLY.o
 .comment       0x00000000       0x76 C:\Users\Carlo\AppData\Local\Temp\ccVjhvLY.o
 .comment       0x00000000       0x76 C:\Users\Carlo\AppData\Local\Temp\ccoSx05M.o
 .text          0x00000000        0x0 c:/program files (x86)/gnu tools arm embedded/8 2018-q4-major/bin/../lib/gcc/arm-none-eabi/8.2.1/../../../../arm-none-eabi/lib/arm/v5te/hard\libc.a(lib_a-ctype_.o)
 .data          0x00000000        0x0 c:/program files (x86)/gnu tools arm embedded/8 2018-q4-major/bin/../lib/gcc/arm-none-eabi/8.2.1/../../../../arm-none-eabi/lib/arm/v5te/hard\libc.a(lib_a-ctype_.o)
 .bss           0x00000000        0x0 c:/program files (x86)/gnu tools arm embedded/8 2018-q4-major/bin/../lib/gcc/arm-none-eabi/8.2.1/../../../../arm-none-eabi/lib/arm/v5te/hard\libc.a(lib_a-ctype_.o)
 .text          0x00000000        0x0 c:/program files (x86)/gnu tools arm embedded/8 2018-q4-major/bin/../lib/gcc/arm-none-eabi/8.2.1/../../../../arm-none-eabi/lib/arm/v5te/hard\libc.a(lib_a-memcpy-stub.o)
 .data          0x00000000        0x0 c:/program files (x86)/gnu tools arm embedded/8 2018-q4-major/bin/../lib/gcc/arm-none-eabi/8.2.1/../../../../arm-none-eabi/lib/arm/v5te/hard\libc.a(lib_a-memcpy-stub.o)
 .bss           0x00000000        0x0 c:/program files (x86)/gnu tools arm embedded/8 2018-q4-major/bin/../lib/gcc/arm-none-eabi/8.2.1/../../../../arm-none-eabi/lib/arm/v5te/hard\libc.a(lib_a-memcpy-stub.o)
 .debug_frame   0x00000000       0x3c c:/program files (x86)/gnu tools arm embedded/8 2018-q4-major/bin/../lib/gcc/arm-none-eabi/8.2.1/../../../../arm-none-eabi/lib/arm/v5te/hard\libc.a(lib_a-memcpy-stub.o)
 .text          0x00000000        0x0 c:/program files (x86)/gnu tools arm embedded/8 2018-q4-major/bin/../lib/gcc/arm-none-eabi/8.2.1/../../../../arm-none-eabi/lib/arm/v5te/hard\libc.a(lib_a-reent.o)
 .data          0x00000000        0x0 c:/program files (x86)/gnu tools arm embedded/8 2018-q4-major/bin/../lib/gcc/arm-none-eabi/8.2.1/../../../../arm-none-eabi/lib/arm/v5te/hard\libc.a(lib_a-reent.o)
 .bss           0x00000000        0x0 c:/program files (x86)/gnu tools arm embedded/8 2018-q4-major/bin/../lib/gcc/arm-none-eabi/8.2.1/../../../../arm-none-eabi/lib/arm/v5te/hard\libc.a(lib_a-reent.o)
 .text.cleanup_glue
                0x00000000       0x2c c:/program files (x86)/gnu tools arm embedded/8 2018-q4-major/bin/../lib/gcc/arm-none-eabi/8.2.1/../../../../arm-none-eabi/lib/arm/v5te/hard\libc.a(lib_a-reent.o)
 .text._reclaim_reent
                0x00000000       0xf0 c:/program files (x86)/gnu tools arm embedded/8 2018-q4-major/bin/../lib/gcc/arm-none-eabi/8.2.1/../../../../arm-none-eabi/lib/arm/v5te/hard\libc.a(lib_a-reent.o)
 .debug_frame   0x00000000       0x58 c:/program files (x86)/gnu tools arm embedded/8 2018-q4-major/bin/../lib/gcc/arm-none-eabi/8.2.1/../../../../arm-none-eabi/lib/arm/v5te/hard\libc.a(lib_a-reent.o)
 .text          0x00000000        0x0 c:/program files (x86)/gnu tools arm embedded/8 2018-q4-major/bin/../lib/gcc/arm-none-eabi/8.2.1/../../../../arm-none-eabi/lib/arm/v5te/hard\libc.a(lib_a-strchr.o)
 .data          0x00000000        0x0 c:/program files (x86)/gnu tools arm embedded/8 2018-q4-major/bin/../lib/gcc/arm-none-eabi/8.2.1/../../../../arm-none-eabi/lib/arm/v5te/hard\libc.a(lib_a-strchr.o)
 .bss           0x00000000        0x0 c:/program files (x86)/gnu tools arm embedded/8 2018-q4-major/bin/../lib/gcc/arm-none-eabi/8.2.1/../../../../arm-none-eabi/lib/arm/v5te/hard\libc.a(lib_a-strchr.o)
 .debug_frame   0x00000000       0x34 c:/program files (x86)/gnu tools arm embedded/8 2018-q4-major/bin/../lib/gcc/arm-none-eabi/8.2.1/../../../../arm-none-eabi/lib/arm/v5te/hard\libc.a(lib_a-strchr.o)
 .text          0x00000000        0x0 c:/program files (x86)/gnu tools arm embedded/8 2018-q4-major/bin/../lib/gcc/arm-none-eabi/8.2.1/../../../../arm-none-eabi/lib/arm/v5te/hard\libc.a(lib_a-strlen-stub.o)
 .data          0x00000000        0x0 c:/program files (x86)/gnu tools arm embedded/8 2018-q4-major/bin/../lib/gcc/arm-none-eabi/8.2.1/../../../../arm-none-eabi/lib/arm/v5te/hard\libc.a(lib_a-strlen-stub.o)
 .bss           0x00000000        0x0 c:/program files (x86)/gnu tools arm embedded/8 2018-q4-major/bin/../lib/gcc/arm-none-eabi/8.2.1/../../../../arm-none-eabi/lib/arm/v5te/hard\libc.a(lib_a-strlen-stub.o)
 .debug_frame   0x00000000       0x20 c:/program files (x86)/gnu tools arm embedded/8 2018-q4-major/bin/../lib/gcc/arm-none-eabi/8.2.1/../../../../arm-none-eabi/lib/arm/v5te/hard\libc.a(lib_a-strlen-stub.o)
 .text          0x00000000        0x0 c:/program files (x86)/gnu tools arm embedded/8 2018-q4-major/bin/../lib/gcc/arm-none-eabi/8.2.1/../../../../arm-none-eabi/lib/arm/v5te/hard\libc.a(lib_a-strnlen.o)
 .data          0x00000000        0x0 c:/program files (x86)/gnu tools arm embedded/8 2018-q4-major/bin/../lib/gcc/arm-none-eabi/8.2.1/../../../../arm-none-eabi/lib/arm/v5te/hard\libc.a(lib_a-strnlen.o)
 .bss           0x00000000        0x0 c:/program files (x86)/gnu tools arm embedded/8 2018-q4-major/bin/../lib/gcc/arm-none-eabi/8.2.1/../../../../arm-none-eabi/lib/arm/v5te/hard\libc.a(lib_a-strnlen.o)
 .debug_frame   0x00000000       0x20 c:/program files (x86)/gnu tools arm embedded/8 2018-q4-major/bin/../lib/gcc/arm-none-eabi/8.2.1/../../../../arm-none-eabi/lib/arm/v5te/hard\libc.a(lib_a-strnlen.o)
 .text          0x00000000        0x0 c:/program files (x86)/gnu tools arm embedded/8 2018-q4-major/bin/../lib/gcc/arm-none-eabi/8.2.1/../../../../arm-none-eabi/lib/arm/v5te/hard\libc.a(lib_a-wctob.o)
 .data          0x00000000        0x0 c:/program files (x86)/gnu tools arm embedded/8 2018-q4-major/bin/../lib/gcc/arm-none-eabi/8.2.1/../../../../arm-none-eabi/lib/arm/v5te/hard\libc.a(lib_a-wctob.o)
 .bss           0x00000000        0x0 c:/program files (x86)/gnu tools arm embedded/8 2018-q4-major/bin/../lib/gcc/arm-none-eabi/8.2.1/../../../../arm-none-eabi/lib/arm/v5te/hard\libc.a(lib_a-wctob.o)
 .debug_frame   0x00000000       0x38 c:/program files (x86)/gnu tools arm embedded/8 2018-q4-major/bin/../lib/gcc/arm-none-eabi/8.2.1/../../../../arm-none-eabi/lib/arm/v5te/hard\libc.a(lib_a-wctob.o)
 .text          0x00000000        0x0 c:/program files (x86)/gnu tools arm embedded/8 2018-q4-major/bin/../lib/gcc/arm-none-eabi/8.2.1/../../../../arm-none-eabi/lib/arm/v5te/hard\libc.a(lib_a-freer.o)
 .data          0x00000000        0x0 c:/program files (x86)/gnu tools arm embedded/8 2018-q4-major/bin/../lib/gcc/arm-none-eabi/8.2.1/../../../../arm-none-eabi/lib/arm/v5te/hard\libc.a(lib_a-freer.o)
 .bss           0x00000000        0x0 c:/program files (x86)/gnu tools arm embedded/8 2018-q4-major/bin/../lib/gcc/arm-none-eabi/8.2.1/../../../../arm-none-eabi/lib/arm/v5te/hard\libc.a(lib_a-freer.o)
 .text._malloc_trim_r
                0x00000000       0xf8 c:/program files (x86)/gnu tools arm embedded/8 2018-q4-major/bin/../lib/gcc/arm-none-eabi/8.2.1/../../../../arm-none-eabi/lib/arm/v5te/hard\libc.a(lib_a-freer.o)
 .text._free_r  0x00000000      0x2e8 c:/program files (x86)/gnu tools arm embedded/8 2018-q4-major/bin/../lib/gcc/arm-none-eabi/8.2.1/../../../../arm-none-eabi/lib/arm/v5te/hard\libc.a(lib_a-freer.o)
 .debug_frame   0x00000000       0x6c c:/program files (x86)/gnu tools arm embedded/8 2018-q4-major/bin/../lib/gcc/arm-none-eabi/8.2.1/../../../../arm-none-eabi/lib/arm/v5te/hard\libc.a(lib_a-freer.o)
 .ARM.attributes
                0x00000000       0x2f c:/program files (x86)/gnu tools arm embedded/8 2018-q4-major/bin/../lib/gcc/arm-none-eabi/8.2.1/../../../../arm-none-eabi/lib/arm/v5te/hard\libc.a(lib_a-freer.o)
 .text          0x00000000        0x0 c:/program files (x86)/gnu tools arm embedded/8 2018-q4-major/bin/../lib/gcc/arm-none-eabi/8.2.1/../../../../arm-none-eabi/lib/arm/v5te/hard\libc.a(lib_a-impure.o)
 .data          0x00000000        0x0 c:/program files (x86)/gnu tools arm embedded/8 2018-q4-major/bin/../lib/gcc/arm-none-eabi/8.2.1/../../../../arm-none-eabi/lib/arm/v5te/hard\libc.a(lib_a-impure.o)
 .bss           0x00000000        0x0 c:/program files (x86)/gnu tools arm embedded/8 2018-q4-major/bin/../lib/gcc/arm-none-eabi/8.2.1/../../../../arm-none-eabi/lib/arm/v5te/hard\libc.a(lib_a-impure.o)
 .rodata._global_impure_ptr
                0x00000000        0x4 c:/program files (x86)/gnu tools arm embedded/8 2018-q4-major/bin/../lib/gcc/arm-none-eabi/8.2.1/../../../../arm-none-eabi/lib/arm/v5te/hard\libc.a(lib_a-impure.o)
 .text          0x00000000        0x0 c:/program files (x86)/gnu tools arm embedded/8 2018-q4-major/bin/../lib/gcc/arm-none-eabi/8.2.1/../../../../arm-none-eabi/lib/arm/v5te/hard\libc.a(lib_a-locale.o)
 .data          0x00000000        0x0 c:/program files (x86)/gnu tools arm embedded/8 2018-q4-major/bin/../lib/gcc/arm-none-eabi/8.2.1/../../../../arm-none-eabi/lib/arm/v5te/hard\libc.a(lib_a-locale.o)
 .bss           0x00000000        0x0 c:/program files (x86)/gnu tools arm embedded/8 2018-q4-major/bin/../lib/gcc/arm-none-eabi/8.2.1/../../../../arm-none-eabi/lib/arm/v5te/hard\libc.a(lib_a-locale.o)
 .text._setlocale_r
                0x00000000       0x64 c:/program files (x86)/gnu tools arm embedded/8 2018-q4-major/bin/../lib/gcc/arm-none-eabi/8.2.1/../../../../arm-none-eabi/lib/arm/v5te/hard\libc.a(lib_a-locale.o)
 .text.__locale_mb_cur_max
                0x00000000       0x10 c:/program files (x86)/gnu tools arm embedded/8 2018-q4-major/bin/../lib/gcc/arm-none-eabi/8.2.1/../../../../arm-none-eabi/lib/arm/v5te/hard\libc.a(lib_a-locale.o)
 .text.setlocale
                0x00000000       0x18 c:/program files (x86)/gnu tools arm embedded/8 2018-q4-major/bin/../lib/gcc/arm-none-eabi/8.2.1/../../../../arm-none-eabi/lib/arm/v5te/hard\libc.a(lib_a-locale.o)
 .bss._PathLocale
                0x00000000        0x4 c:/program files (x86)/gnu tools arm embedded/8 2018-q4-major/bin/../lib/gcc/arm-none-eabi/8.2.1/../../../../arm-none-eabi/lib/arm/v5te/hard\libc.a(lib_a-locale.o)
 .debug_frame   0x00000000       0x48 c:/program files (x86)/gnu tools arm embedded/8 2018-q4-major/bin/../lib/gcc/arm-none-eabi/8.2.1/../../../../arm-none-eabi/lib/arm/v5te/hard\libc.a(lib_a-locale.o)
 .text          0x00000000        0x0 c:/program files (x86)/gnu tools arm embedded/8 2018-q4-major/bin/../lib/gcc/arm-none-eabi/8.2.1/../../../../arm-none-eabi/lib/arm/v5te/hard\libc.a(lib_a-mallocr.o)
 .data          0x00000000        0x0 c:/program files (x86)/gnu tools arm embedded/8 2018-q4-major/bin/../lib/gcc/arm-none-eabi/8.2.1/../../../../arm-none-eabi/lib/arm/v5te/hard\libc.a(lib_a-mallocr.o)
 .bss           0x00000000        0x0 c:/program files (x86)/gnu tools arm embedded/8 2018-q4-major/bin/../lib/gcc/arm-none-eabi/8.2.1/../../../../arm-none-eabi/lib/arm/v5te/hard\libc.a(lib_a-mallocr.o)
 .text._malloc_r
                0x00000000      0x7d8 c:/program files (x86)/gnu tools arm embedded/8 2018-q4-major/bin/../lib/gcc/arm-none-eabi/8.2.1/../../../../arm-none-eabi/lib/arm/v5te/hard\libc.a(lib_a-mallocr.o)
 .bss.__malloc_current_mallinfo
                0x00000000       0x28 c:/program files (x86)/gnu tools arm embedded/8 2018-q4-major/bin/../lib/gcc/arm-none-eabi/8.2.1/../../../../arm-none-eabi/lib/arm/v5te/hard\libc.a(lib_a-mallocr.o)
 .bss.__malloc_max_sbrked_mem
                0x00000000        0x4 c:/program files (x86)/gnu tools arm embedded/8 2018-q4-major/bin/../lib/gcc/arm-none-eabi/8.2.1/../../../../arm-none-eabi/lib/arm/v5te/hard\libc.a(lib_a-mallocr.o)
 .bss.__malloc_max_total_mem
                0x00000000        0x4 c:/program files (x86)/gnu tools arm embedded/8 2018-q4-major/bin/../lib/gcc/arm-none-eabi/8.2.1/../../../../arm-none-eabi/lib/arm/v5te/hard\libc.a(lib_a-mallocr.o)
 .bss.__malloc_top_pad
                0x00000000        0x4 c:/program files (x86)/gnu tools arm embedded/8 2018-q4-major/bin/../lib/gcc/arm-none-eabi/8.2.1/../../../../arm-none-eabi/lib/arm/v5te/hard\libc.a(lib_a-mallocr.o)
 .data.__malloc_av_
                0x00000000      0x408 c:/program files (x86)/gnu tools arm embedded/8 2018-q4-major/bin/../lib/gcc/arm-none-eabi/8.2.1/../../../../arm-none-eabi/lib/arm/v5te/hard\libc.a(lib_a-mallocr.o)
 .data.__malloc_sbrk_base
                0x00000000        0x4 c:/program files (x86)/gnu tools arm embedded/8 2018-q4-major/bin/../lib/gcc/arm-none-eabi/8.2.1/../../../../arm-none-eabi/lib/arm/v5te/hard\libc.a(lib_a-mallocr.o)
 .data.__malloc_trim_threshold
                0x00000000        0x4 c:/program files (x86)/gnu tools arm embedded/8 2018-q4-major/bin/../lib/gcc/arm-none-eabi/8.2.1/../../../../arm-none-eabi/lib/arm/v5te/hard\libc.a(lib_a-mallocr.o)
 .debug_frame   0x00000000       0x4c c:/program files (x86)/gnu tools arm embedded/8 2018-q4-major/bin/../lib/gcc/arm-none-eabi/8.2.1/../../../../arm-none-eabi/lib/arm/v5te/hard\libc.a(lib_a-mallocr.o)
 .ARM.attributes
                0x00000000       0x2f c:/program files (x86)/gnu tools arm embedded/8 2018-q4-major/bin/../lib/gcc/arm-none-eabi/8.2.1/../../../../arm-none-eabi/lib/arm/v5te/hard\libc.a(lib_a-mallocr.o)
 .text          0x00000000        0x0 c:/program files (x86)/gnu tools arm embedded/8 2018-q4-major/bin/../lib/gcc/arm-none-eabi/8.2.1/../../../../arm-none-eabi/lib/arm/v5te/hard\libc.a(lib_a-mbtowc_r.o)
 .data          0x00000000        0x0 c:/program files (x86)/gnu tools arm embedded/8 2018-q4-major/bin/../lib/gcc/arm-none-eabi/8.2.1/../../../../arm-none-eabi/lib/arm/v5te/hard\libc.a(lib_a-mbtowc_r.o)
 .bss           0x00000000        0x0 c:/program files (x86)/gnu tools arm embedded/8 2018-q4-major/bin/../lib/gcc/arm-none-eabi/8.2.1/../../../../arm-none-eabi/lib/arm/v5te/hard\libc.a(lib_a-mbtowc_r.o)
 .text._mbtowc_r
                0x00000000       0x1c c:/program files (x86)/gnu tools arm embedded/8 2018-q4-major/bin/../lib/gcc/arm-none-eabi/8.2.1/../../../../arm-none-eabi/lib/arm/v5te/hard\libc.a(lib_a-mbtowc_r.o)
 .debug_frame   0x00000000       0x48 c:/program files (x86)/gnu tools arm embedded/8 2018-q4-major/bin/../lib/gcc/arm-none-eabi/8.2.1/../../../../arm-none-eabi/lib/arm/v5te/hard\libc.a(lib_a-mbtowc_r.o)
 .text          0x00000000        0x0 c:/program files (x86)/gnu tools arm embedded/8 2018-q4-major/bin/../lib/gcc/arm-none-eabi/8.2.1/../../../../arm-none-eabi/lib/arm/v5te/hard\libc.a(lib_a-memset.o)
 .data          0x00000000        0x0 c:/program files (x86)/gnu tools arm embedded/8 2018-q4-major/bin/../lib/gcc/arm-none-eabi/8.2.1/../../../../arm-none-eabi/lib/arm/v5te/hard\libc.a(lib_a-memset.o)
 .bss           0x00000000        0x0 c:/program files (x86)/gnu tools arm embedded/8 2018-q4-major/bin/../lib/gcc/arm-none-eabi/8.2.1/../../../../arm-none-eabi/lib/arm/v5te/hard\libc.a(lib_a-memset.o)
 .debug_frame   0x00000000       0x48 c:/program files (x86)/gnu tools arm embedded/8 2018-q4-major/bin/../lib/gcc/arm-none-eabi/8.2.1/../../../../arm-none-eabi/lib/arm/v5te/hard\libc.a(lib_a-memset.o)
 .text          0x00000000        0x0 c:/program files (x86)/gnu tools arm embedded/8 2018-q4-major/bin/../lib/gcc/arm-none-eabi/8.2.1/../../../../arm-none-eabi/lib/arm/v5te/hard\libc.a(lib_a-mlock.o)
 .data          0x00000000        0x0 c:/program files (x86)/gnu tools arm embedded/8 2018-q4-major/bin/../lib/gcc/arm-none-eabi/8.2.1/../../../../arm-none-eabi/lib/arm/v5te/hard\libc.a(lib_a-mlock.o)
 .bss           0x00000000        0x0 c:/program files (x86)/gnu tools arm embedded/8 2018-q4-major/bin/../lib/gcc/arm-none-eabi/8.2.1/../../../../arm-none-eabi/lib/arm/v5te/hard\libc.a(lib_a-mlock.o)
 .text.__malloc_lock
                0x00000000        0xc c:/program files (x86)/gnu tools arm embedded/8 2018-q4-major/bin/../lib/gcc/arm-none-eabi/8.2.1/../../../../arm-none-eabi/lib/arm/v5te/hard\libc.a(lib_a-mlock.o)
 .text.__malloc_unlock
                0x00000000        0xc c:/program files (x86)/gnu tools arm embedded/8 2018-q4-major/bin/../lib/gcc/arm-none-eabi/8.2.1/../../../../arm-none-eabi/lib/arm/v5te/hard\libc.a(lib_a-mlock.o)
 .debug_frame   0x00000000       0x30 c:/program files (x86)/gnu tools arm embedded/8 2018-q4-major/bin/../lib/gcc/arm-none-eabi/8.2.1/../../../../arm-none-eabi/lib/arm/v5te/hard\libc.a(lib_a-mlock.o)
 .ARM.attributes
                0x00000000       0x2f c:/program files (x86)/gnu tools arm embedded/8 2018-q4-major/bin/../lib/gcc/arm-none-eabi/8.2.1/../../../../arm-none-eabi/lib/arm/v5te/hard\libc.a(lib_a-mlock.o)
 .text          0x00000000        0x0 c:/program files (x86)/gnu tools arm embedded/8 2018-q4-major/bin/../lib/gcc/arm-none-eabi/8.2.1/../../../../arm-none-eabi/lib/arm/v5te/hard\libc.a(lib_a-sbrkr.o)
 .data          0x00000000        0x0 c:/program files (x86)/gnu tools arm embedded/8 2018-q4-major/bin/../lib/gcc/arm-none-eabi/8.2.1/../../../../arm-none-eabi/lib/arm/v5te/hard\libc.a(lib_a-sbrkr.o)
 .bss           0x00000000        0x0 c:/program files (x86)/gnu tools arm embedded/8 2018-q4-major/bin/../lib/gcc/arm-none-eabi/8.2.1/../../../../arm-none-eabi/lib/arm/v5te/hard\libc.a(lib_a-sbrkr.o)
 .text._sbrk_r  0x00000000       0x38 c:/program files (x86)/gnu tools arm embedded/8 2018-q4-major/bin/../lib/gcc/arm-none-eabi/8.2.1/../../../../arm-none-eabi/lib/arm/v5te/hard\libc.a(lib_a-sbrkr.o)
 .debug_frame   0x00000000       0x2c c:/program files (x86)/gnu tools arm embedded/8 2018-q4-major/bin/../lib/gcc/arm-none-eabi/8.2.1/../../../../arm-none-eabi/lib/arm/v5te/hard\libc.a(lib_a-sbrkr.o)
 .ARM.attributes
                0x00000000       0x2f c:/program files (x86)/gnu tools arm embedded/8 2018-q4-major/bin/../lib/gcc/arm-none-eabi/8.2.1/../../../../arm-none-eabi/lib/arm/v5te/hard\libc.a(lib_a-sbrkr.o)
 .text          0x00000000      0x224 c:/program files (x86)/gnu tools arm embedded/8 2018-q4-major/bin/../lib/gcc/arm-none-eabi/8.2.1/../../../../arm-none-eabi/lib/arm/v5te/hard\libc.a(lib_a-strcmp.o)
 .data          0x00000000        0x0 c:/program files (x86)/gnu tools arm embedded/8 2018-q4-major/bin/../lib/gcc/arm-none-eabi/8.2.1/../../../../arm-none-eabi/lib/arm/v5te/hard\libc.a(lib_a-strcmp.o)
 .bss           0x00000000        0x0 c:/program files (x86)/gnu tools arm embedded/8 2018-q4-major/bin/../lib/gcc/arm-none-eabi/8.2.1/../../../../arm-none-eabi/lib/arm/v5te/hard\libc.a(lib_a-strcmp.o)
 .debug_frame   0x00000000       0x40 c:/program files (x86)/gnu tools arm embedded/8 2018-q4-major/bin/../lib/gcc/arm-none-eabi/8.2.1/../../../../arm-none-eabi/lib/arm/v5te/hard\libc.a(lib_a-strcmp.o)
 .ARM.attributes
                0x00000000       0x1b c:/program files (x86)/gnu tools arm embedded/8 2018-q4-major/bin/../lib/gcc/arm-none-eabi/8.2.1/../../../../arm-none-eabi/lib/arm/v5te/hard\libc.a(lib_a-strcmp.o)
 .text          0x00000000        0x0 c:/program files (x86)/gnu tools arm embedded/8 2018-q4-major/bin/../lib/gcc/arm-none-eabi/8.2.1/../../../../arm-none-eabi/lib/arm/v5te/hard\libc.a(lib_a-wctomb_r.o)
 .data          0x00000000        0x0 c:/program files (x86)/gnu tools arm embedded/8 2018-q4-major/bin/../lib/gcc/arm-none-eabi/8.2.1/../../../../arm-none-eabi/lib/arm/v5te/hard\libc.a(lib_a-wctomb_r.o)
 .bss           0x00000000        0x0 c:/program files (x86)/gnu tools arm embedded/8 2018-q4-major/bin/../lib/gcc/arm-none-eabi/8.2.1/../../../../arm-none-eabi/lib/arm/v5te/hard\libc.a(lib_a-wctomb_r.o)
 .text._wctomb_r
                0x00000000       0x1c c:/program files (x86)/gnu tools arm embedded/8 2018-q4-major/bin/../lib/gcc/arm-none-eabi/8.2.1/../../../../arm-none-eabi/lib/arm/v5te/hard\libc.a(lib_a-wctomb_r.o)
 .debug_frame   0x00000000       0x3c c:/program files (x86)/gnu tools arm embedded/8 2018-q4-major/bin/../lib/gcc/arm-none-eabi/8.2.1/../../../../arm-none-eabi/lib/arm/v5te/hard\libc.a(lib_a-wctomb_r.o)
 .text          0x00000000        0x0 c:/program files (x86)/gnu tools arm embedded/8 2018-q4-major/bin/../lib/gcc/arm-none-eabi/8.2.1/../../../../arm-none-eabi/lib/arm/v5te/hard\libc.a(lib_a-lock.o)
 .data          0x00000000        0x0 c:/program files (x86)/gnu tools arm embedded/8 2018-q4-major/bin/../lib/gcc/arm-none-eabi/8.2.1/../../../../arm-none-eabi/lib/arm/v5te/hard\libc.a(lib_a-lock.o)
 .bss           0x00000000        0x0 c:/program files (x86)/gnu tools arm embedded/8 2018-q4-major/bin/../lib/gcc/arm-none-eabi/8.2.1/../../../../arm-none-eabi/lib/arm/v5te/hard\libc.a(lib_a-lock.o)
 .text.__retarget_lock_init
                0x00000000        0x4 c:/program files (x86)/gnu tools arm embedded/8 2018-q4-major/bin/../lib/gcc/arm-none-eabi/8.2.1/../../../../arm-none-eabi/lib/arm/v5te/hard\libc.a(lib_a-lock.o)
 .text.__retarget_lock_init_recursive
                0x00000000        0x4 c:/program files (x86)/gnu tools arm embedded/8 2018-q4-major/bin/../lib/gcc/arm-none-eabi/8.2.1/../../../../arm-none-eabi/lib/arm/v5te/hard\libc.a(lib_a-lock.o)
 .text.__retarget_lock_close
                0x00000000        0x4 c:/program files (x86)/gnu tools arm embedded/8 2018-q4-major/bin/../lib/gcc/arm-none-eabi/8.2.1/../../../../arm-none-eabi/lib/arm/v5te/hard\libc.a(lib_a-lock.o)
 .text.__retarget_lock_close_recursive
                0x00000000        0x4 c:/program files (x86)/gnu tools arm embedded/8 2018-q4-major/bin/../lib/gcc/arm-none-eabi/8.2.1/../../../../arm-none-eabi/lib/arm/v5te/hard\libc.a(lib_a-lock.o)
 .text.__retarget_lock_acquire
                0x00000000        0x4 c:/program files (x86)/gnu tools arm embedded/8 2018-q4-major/bin/../lib/gcc/arm-none-eabi/8.2.1/../../../../arm-none-eabi/lib/arm/v5te/hard\libc.a(lib_a-lock.o)
 .text.__retarget_lock_acquire_recursive
                0x00000000        0x4 c:/program files (x86)/gnu tools arm embedded/8 2018-q4-major/bin/../lib/gcc/arm-none-eabi/8.2.1/../../../../arm-none-eabi/lib/arm/v5te/hard\libc.a(lib_a-lock.o)
 .text.__retarget_lock_try_acquire
                0x00000000        0x8 c:/program files (x86)/gnu tools arm embedded/8 2018-q4-major/bin/../lib/gcc/arm-none-eabi/8.2.1/../../../../arm-none-eabi/lib/arm/v5te/hard\libc.a(lib_a-lock.o)
 .text.__retarget_lock_try_acquire_recursive
                0x00000000        0x8 c:/program files (x86)/gnu tools arm embedded/8 2018-q4-major/bin/../lib/gcc/arm-none-eabi/8.2.1/../../../../arm-none-eabi/lib/arm/v5te/hard\libc.a(lib_a-lock.o)
 .text.__retarget_lock_release
                0x00000000        0x4 c:/program files (x86)/gnu tools arm embedded/8 2018-q4-major/bin/../lib/gcc/arm-none-eabi/8.2.1/../../../../arm-none-eabi/lib/arm/v5te/hard\libc.a(lib_a-lock.o)
 .text.__retarget_lock_release_recursive
                0x00000000        0x4 c:/program files (x86)/gnu tools arm embedded/8 2018-q4-major/bin/../lib/gcc/arm-none-eabi/8.2.1/../../../../arm-none-eabi/lib/arm/v5te/hard\libc.a(lib_a-lock.o)
 .debug_frame   0x00000000       0xb0 c:/program files (x86)/gnu tools arm embedded/8 2018-q4-major/bin/../lib/gcc/arm-none-eabi/8.2.1/../../../../arm-none-eabi/lib/arm/v5te/hard\libc.a(lib_a-lock.o)
 .ARM.attributes
                0x00000000       0x2f c:/program files (x86)/gnu tools arm embedded/8 2018-q4-major/bin/../lib/gcc/arm-none-eabi/8.2.1/../../../../arm-none-eabi/lib/arm/v5te/hard\libc.a(lib_a-lock.o)
 COMMON         0x00000000       0x21 c:/program files (x86)/gnu tools arm embedded/8 2018-q4-major/bin/../lib/gcc/arm-none-eabi/8.2.1/../../../../arm-none-eabi/lib/arm/v5te/hard\libc.a(lib_a-lock.o)
 .data          0x00000000        0x0 c:/program files (x86)/gnu tools arm embedded/8 2018-q4-major/bin/../lib/gcc/arm-none-eabi/8.2.1/arm/v5te/hard\libgcc.a(_udivsi3.o)
 .bss           0x00000000        0x0 c:/program files (x86)/gnu tools arm embedded/8 2018-q4-major/bin/../lib/gcc/arm-none-eabi/8.2.1/arm/v5te/hard\libgcc.a(_udivsi3.o)
 .debug_frame   0x00000000       0x20 c:/program files (x86)/gnu tools arm embedded/8 2018-q4-major/bin/../lib/gcc/arm-none-eabi/8.2.1/arm/v5te/hard\libgcc.a(_udivsi3.o)
 .text          0x00000000      0x240 c:/program files (x86)/gnu tools arm embedded/8 2018-q4-major/bin/../lib/gcc/arm-none-eabi/8.2.1/arm/v5te/hard\libgcc.a(_divsi3.o)
 .data          0x00000000        0x0 c:/program files (x86)/gnu tools arm embedded/8 2018-q4-major/bin/../lib/gcc/arm-none-eabi/8.2.1/arm/v5te/hard\libgcc.a(_divsi3.o)
 .bss           0x00000000        0x0 c:/program files (x86)/gnu tools arm embedded/8 2018-q4-major/bin/../lib/gcc/arm-none-eabi/8.2.1/arm/v5te/hard\libgcc.a(_divsi3.o)
 .debug_frame   0x00000000       0x20 c:/program files (x86)/gnu tools arm embedded/8 2018-q4-major/bin/../lib/gcc/arm-none-eabi/8.2.1/arm/v5te/hard\libgcc.a(_divsi3.o)
 .ARM.attributes
                0x00000000       0x1d c:/program files (x86)/gnu tools arm embedded/8 2018-q4-major/bin/../lib/gcc/arm-none-eabi/8.2.1/arm/v5te/hard\libgcc.a(_divsi3.o)
 .data          0x00000000        0x0 c:/program files (x86)/gnu tools arm embedded/8 2018-q4-major/bin/../lib/gcc/arm-none-eabi/8.2.1/arm/v5te/hard\libgcc.a(_dvmd_tls.o)
 .bss           0x00000000        0x0 c:/program files (x86)/gnu tools arm embedded/8 2018-q4-major/bin/../lib/gcc/arm-none-eabi/8.2.1/arm/v5te/hard\libgcc.a(_dvmd_tls.o)

Memory Configuration

Name             Origin             Length             Attributes
RAM              0x00008000         0x08000000         xrw
*default*        0x00000000         0xffffffff

Linker script and memory map


.text           0x00008000     0x7f64
                0x00008000                . = ALIGN (0x4)
                0x00008000                __text_start__ = .
                0x00008000                _start = .
 *(.text.startup)
 .text.startup  0x00008000      0x43c C:\Users\Carlo\AppData\Local\Temp\ccQ9SEhY.o
                0x0000839c                RPi_CpuIdString
                0x000083f4                EnableInterrupts
                0x000083fc                DisableInterrupts
                0x00008404                CoreExecute
 *(.text .text.* .gnu.linkonce.t.*)
 .text          0x0000843c      0x26c C:\Users\Carlo\AppData\Local\Temp\ccgzLbGB.o
                0x0000843c                kernel_main
                0x00008584                DisplayDirectory
 .text.ARMaddrToGPUaddr
                0x000086a8       0x14 C:\Users\Carlo\AppData\Local\Temp\ccQ9SEhY.o
                0x000086a8                ARMaddrToGPUaddr
 .text.GPUaddrToARMaddr
                0x000086bc       0x5c C:\Users\Carlo\AppData\Local\Temp\ccQ9SEhY.o
                0x000086bc                GPUaddrToARMaddr
                0x000086d0                c_irq_handler
                0x000086d4                c_irq_identify_and_clear_source
 .text          0x00008718     0x25c0 C:\Users\Carlo\AppData\Local\Temp\ccI1wirV.o
                0x0000976c                gpio_setup
                0x000097cc                gpio_output
                0x00009824                gpio_input
                0x0000986c                gpio_checkEvent
                0x000098b0                gpio_clearEvent
                0x000098f0                gpio_edgeDetect
                0x00009974                gpio_fixResistor
                0x00009a48                timer_getTickCount
                0x00009a70                timer_wait
                0x00009acc                tick_difference
                0x00009ad8                mailbox_write
                0x00009b1c                mailbox_read
                0x00009b68                mailbox_tag_message
                0x00009ebc                set_Activity_LED
                0x0000a02c                ARM_setmaxspeed
                0x0000a0c4                displaySmartStart
                0x0000a14c                Embedded_Console_WriteChar
                0x0000a1fc                WriteText
                0x0000a2e0                SetDCPenColor
                0x0000a2f4                SetDCBrushColor
                0x0000a308                MoveToEx
                0x0000a340                LineTo
                0x0000a418                TextOut
                0x0000a488                BmpOut
                0x0000a4d8                CvtBmpLine
                0x0000a880                SmartStartPutPixelRaw
                0x0000a890                Rectangle
                0x0000a8c4                PiConsole_Init
                0x0000ab58                GetConsoleDC
                0x0000ab64                GetConsole_FrameBuffer
                0x0000ab74                GetConsole_Width
                0x0000ab84                GetConsole_Height
                0x0000abc0                _kill
                0x0000abd8                _getpid
                0x0000abe0                _read
                0x0000abe8                _close
                0x0000abf0                _lseek
                0x0000abf8                _isatty
                0x0000ac00                _fstat
                0x0000ac10                _exit
                0x0000ac14                _write
 .text          0x0000acd8     0x131c C:\Users\Carlo\AppData\Local\Temp\ccVjhvLY.o
                0x0000b2c0                vsprintf
                0x0000bf6c                sprintf
                0x0000bf9c                printf
 *fill*         0x0000bff4        0x4 
 .text          0x0000bff8     0x3818 C:\Users\Carlo\AppData\Local\Temp\ccoSx05M.o
                0x0000d35c                sdTransferBlocks
                0x0000d640                sdClearBlocks
                0x0000d768                getSetNextCluster
                0x0000d954                WildcardMatch
                0x0000e2c4                sdFindFirstFile
                0x0000e6b0                sdFindNextFile
                0x0000e768                sdFindClose
                0x0000e7a8                sdCreateFile
                0x0000ec0c                sdReadFile
                0x0000ef68                sdCloseHandle
                0x0000efa4                sdSetFilePointer
                0x0000f320                sdGetFileSize
                0x0000f354                sdInitCard
                0x0000f7f4                sdCardCSD
 .text.memcpy   0x0000f810      0x118 c:/program files (x86)/gnu tools arm embedded/8 2018-q4-major/bin/../lib/gcc/arm-none-eabi/8.2.1/../../../../arm-none-eabi/lib/arm/v5te/hard\libc.a(lib_a-memcpy-stub.o)
                0x0000f810                memcpy
 .text.strchr   0x0000f928      0x180 c:/program files (x86)/gnu tools arm embedded/8 2018-q4-major/bin/../lib/gcc/arm-none-eabi/8.2.1/../../../../arm-none-eabi/lib/arm/v5te/hard\libc.a(lib_a-strchr.o)
                0x0000f928                strchr
 .text.strlen   0x0000faa8       0x5c c:/program files (x86)/gnu tools arm embedded/8 2018-q4-major/bin/../lib/gcc/arm-none-eabi/8.2.1/../../../../arm-none-eabi/lib/arm/v5te/hard\libc.a(lib_a-strlen-stub.o)
                0x0000faa8                strlen
 .text.strnlen  0x0000fb04       0x5c c:/program files (x86)/gnu tools arm embedded/8 2018-q4-major/bin/../lib/gcc/arm-none-eabi/8.2.1/../../../../arm-none-eabi/lib/arm/v5te/hard\libc.a(lib_a-strnlen.o)
                0x0000fb04                strnlen
 .text.wctob    0x0000fb60       0x70 c:/program files (x86)/gnu tools arm embedded/8 2018-q4-major/bin/../lib/gcc/arm-none-eabi/8.2.1/../../../../arm-none-eabi/lib/arm/v5te/hard\libc.a(lib_a-wctob.o)
                0x0000fb60                wctob
 .text.__ascii_mbtowc
                0x0000fbd0       0x44 c:/program files (x86)/gnu tools arm embedded/8 2018-q4-major/bin/../lib/gcc/arm-none-eabi/8.2.1/../../../../arm-none-eabi/lib/arm/v5te/hard\libc.a(lib_a-mbtowc_r.o)
                0x0000fbd0                __ascii_mbtowc
 .text.memset   0x0000fc14      0x114 c:/program files (x86)/gnu tools arm embedded/8 2018-q4-major/bin/../lib/gcc/arm-none-eabi/8.2.1/../../../../arm-none-eabi/lib/arm/v5te/hard\libc.a(lib_a-memset.o)
                0x0000fc14                memset
 .text.__ascii_wctomb
                0x0000fd28       0x2c c:/program files (x86)/gnu tools arm embedded/8 2018-q4-major/bin/../lib/gcc/arm-none-eabi/8.2.1/../../../../arm-none-eabi/lib/arm/v5te/hard\libc.a(lib_a-wctomb_r.o)
                0x0000fd28                __ascii_wctomb
 .text          0x0000fd54      0x20c c:/program files (x86)/gnu tools arm embedded/8 2018-q4-major/bin/../lib/gcc/arm-none-eabi/8.2.1/arm/v5te/hard\libgcc.a(_udivsi3.o)
                0x0000fd54                __aeabi_uidiv
                0x0000fd54                __udivsi3
                0x0000ff40                __aeabi_uidivmod
 .text          0x0000ff60        0x4 c:/program files (x86)/gnu tools arm embedded/8 2018-q4-major/bin/../lib/gcc/arm-none-eabi/8.2.1/arm/v5te/hard\libgcc.a(_dvmd_tls.o)
                0x0000ff60                __aeabi_idiv0
                0x0000ff60                __aeabi_ldiv0
 *(.rel.text .rel.text.* .rel.gnu.linkonce.t.*)
 *(.init .init.*)
                0x0000ff64                . = ALIGN (0x4)
                0x0000ff64                __text_end__ = .

.glue_7         0x0000ff64        0x0
 .glue_7        0x0000ff64        0x0 linker stubs

.glue_7t        0x0000ff64        0x0
 .glue_7t       0x0000ff64        0x0 linker stubs

.vfp11_veneer   0x0000ff64        0x0
 .vfp11_veneer  0x0000ff64        0x0 linker stubs

.v4_bx          0x0000ff64        0x0
 .v4_bx         0x0000ff64        0x0 linker stubs

.iplt           0x0000ff64        0x0
 .iplt          0x0000ff64        0x0 C:\Users\Carlo\AppData\Local\Temp\ccgzLbGB.o

.bss            0x0000ff68     0x2dc4
                0x0000ff68                . = ALIGN (0x4)
                0x0000ff68                __bss_start__ = .
 *(.bss .bss.* .gnu.linkonce.b.*)
 .bss           0x0000ff68       0x4c C:\Users\Carlo\AppData\Local\Temp\ccI1wirV.o
                0x0000ff6c                console
 *fill*         0x0000ffb4        0x4 
 .bss           0x0000ffb8     0x25a0 C:\Users\Carlo\AppData\Local\Temp\ccoSx05M.o
                0x0000ffb8                LOG_ERROR
 *(.rela.bss .rela.bss.* .rela.gnu.linkonce.b.*)
 *(COMMON)
 COMMON         0x00012558      0x7d0 C:\Users\Carlo\AppData\Local\Temp\ccgzLbGB.o
                0x00012558                buffer
 COMMON         0x00012d28        0x4 c:/program files (x86)/gnu tools arm embedded/8 2018-q4-major/bin/../lib/gcc/arm-none-eabi/8.2.1/../../../../arm-none-eabi/lib/arm/v5te/hard\libc.a(lib_a-reent.o)
                0x00012d28                errno
                0x00012d2c                . = ALIGN (0x4)
                0x00012d2c                __bss_end__ = .

.rodata         0x00012d2c     0x16c4
                0x00012d2c                . = ALIGN (0x4)
                0x00012d2c                __rodata_start__ = .
 *(.rodata .rodata.*)
 .rodata        0x00012d2c       0x30 C:\Users\Carlo\AppData\Local\Temp\ccgzLbGB.o
 .rodata.str1.4
                0x00012d5c       0xd0 C:\Users\Carlo\AppData\Local\Temp\ccgzLbGB.o
                                 0xd4 (size before relaxing)
 .rodata.cpuid  0x00012e2c       0x36 C:\Users\Carlo\AppData\Local\Temp\ccQ9SEhY.o
 *fill*         0x00012e62        0x2 
 .rodata        0x00012e64     0x1004 C:\Users\Carlo\AppData\Local\Temp\ccI1wirV.o
                0x00013e64                BitFontEnd
 .rodata.str1.4
                0x00013e68       0xe8 C:\Users\Carlo\AppData\Local\Temp\ccI1wirV.o
 .rodata        0x00013f50       0x10 C:\Users\Carlo\AppData\Local\Temp\ccVjhvLY.o
 .rodata        0x00013f60       0x14 C:\Users\Carlo\AppData\Local\Temp\ccoSx05M.o
 .rodata.str1.4
                0x00013f74      0x36a C:\Users\Carlo\AppData\Local\Temp\ccoSx05M.o
 *fill*         0x000142de        0x2 
 .rodata._ctype_
                0x000142e0      0x101 c:/program files (x86)/gnu tools arm embedded/8 2018-q4-major/bin/../lib/gcc/arm-none-eabi/8.2.1/../../../../arm-none-eabi/lib/arm/v5te/hard\libc.a(lib_a-ctype_.o)
                0x000142e0                _ctype_
 *fill*         0x000143e1        0x3 
 .rodata._setlocale_r.str1.4
                0x000143e4        0x6 c:/program files (x86)/gnu tools arm embedded/8 2018-q4-major/bin/../lib/gcc/arm-none-eabi/8.2.1/../../../../arm-none-eabi/lib/arm/v5te/hard\libc.a(lib_a-locale.o)
                                  0xd (size before relaxing)
 *fill*         0x000143ea        0x2 
 .rodata.str1.4
                0x000143ec        0x4 c:/program files (x86)/gnu tools arm embedded/8 2018-q4-major/bin/../lib/gcc/arm-none-eabi/8.2.1/../../../../arm-none-eabi/lib/arm/v5te/hard\libc.a(lib_a-locale.o)
                                  0x2 (size before relaxing)
 *(.rel.rodata .rel.rodata.* .rel.gnu.linkonce.r.*)
                0x000143f0                . = ALIGN (0x4)
                0x000143f0                __rodata_end__ = .

.rel.dyn        0x000143f0        0x0
 .rel.iplt      0x000143f0        0x0 C:\Users\Carlo\AppData\Local\Temp\ccgzLbGB.o

.data           0x000143f0      0x96c
                0x000143f0                . = ALIGN (0x4)
                0x000143f0                __data_start__ = .
 *(.data .data.* .gnu.linkonce.d.*)
 .data.smartstart
                0x000143f0        0xc C:\Users\Carlo\AppData\Local\Temp\ccQ9SEhY.o
                0x000143f4                RPi_CPUCurrentMode
                0x000143f8                RPi_Heap
 .data.smartstart32
                0x000143fc       0x18 C:\Users\Carlo\AppData\Local\Temp\ccQ9SEhY.o
                0x000143fc                RPi_IO_Base_Addr
                0x00014400                RPi_BootAddr
                0x00014404                RPi_CoresReady
                0x00014408                RPi_CPUBootMode
                0x0001440c                RPi_CpuId
                0x00014410                RPi_CompileMode
 .data          0x00014414        0x4 C:\Users\Carlo\AppData\Local\Temp\ccI1wirV.o
 .data          0x00014418      0x3a8 C:\Users\Carlo\AppData\Local\Temp\ccoSx05M.o
 .data._impure_ptr
                0x000147c0        0x4 c:/program files (x86)/gnu tools arm embedded/8 2018-q4-major/bin/../lib/gcc/arm-none-eabi/8.2.1/../../../../arm-none-eabi/lib/arm/v5te/hard\libc.a(lib_a-impure.o)
                0x000147c0                _impure_ptr
 *fill*         0x000147c4        0x4 
 .data.impure_data
                0x000147c8      0x428 c:/program files (x86)/gnu tools arm embedded/8 2018-q4-major/bin/../lib/gcc/arm-none-eabi/8.2.1/../../../../arm-none-eabi/lib/arm/v5te/hard\libc.a(lib_a-impure.o)
 .data.__global_locale
                0x00014bf0      0x16c c:/program files (x86)/gnu tools arm embedded/8 2018-q4-major/bin/../lib/gcc/arm-none-eabi/8.2.1/../../../../arm-none-eabi/lib/arm/v5te/hard\libc.a(lib_a-locale.o)
                0x00014bf0                __global_locale
 *(.rel.data .rel.data.* .rel.gnu.linkonce.d.*)
                0x00014d5c                . = ALIGN (0x4)
                0x00014d5c                __data_end__ = .

.igot.plt       0x00014d5c        0x0
 .igot.plt      0x00014d5c        0x0 C:\Users\Carlo\AppData\Local\Temp\ccgzLbGB.o

.data1          0x00014d5c        0x4
                0x00014d60                . = ALIGN (0x10)
 *fill*         0x00014d5c        0x4 
                0x00014d60                __data1_start__ = .
 *(.data1 .data1.*)
 *(.rel.data1 .rel.data1.*)
                0x00014d60                . = ALIGN (0x10)
                0x00014d60                __data1_end__ = .

.stack          0x00014d60     0xa200
                0x00014d60                . = ALIGN (0x8)
                0x00014d60                __stack_start__core0 = .
                0x00014f60                . = (. + 0x200)
 *fill*         0x00014d60      0x200 
                0x00014f60                __HYP_stack_core0 = .
                0x0001cf60                . = (. + 0x8000)
 *fill*         0x00014f60     0x8000 
                0x0001cf60                __SVC_stack_core0 = .
                0x0001df60                . = (. + 0x1000)
 *fill*         0x0001cf60     0x1000 
                0x0001df60                __IRQ_stack_core0 = .
                0x0001ef60                . = (. + 0x1000)
 *fill*         0x0001df60     0x1000 
                0x0001ef60                __FIQ_stack_core0 = .
                0x0001ef60                . = ALIGN (0x8)
                0x0001ef60                __stack_end__core0 = .

.stack_core1    0x0001ef60     0x1600
                0x0001ef60                . = ALIGN (0x8)
                0x0001ef60                __stack_start__core1 = .
                0x0001f160                . = (. + 0x200)
 *fill*         0x0001ef60      0x200 
                0x0001f160                __HYP_stack_core1 = .
                0x00020160                . = (. + 0x1000)
 *fill*         0x0001f160     0x1000 
                0x00020160                __SVC_stack_core1 = .
                0x00020360                . = (. + 0x200)
 *fill*         0x00020160      0x200 
                0x00020360                __IRQ_stack_core1 = .
                0x00020560                . = (. + 0x200)
 *fill*         0x00020360      0x200 
                0x00020560                __FIQ_stack_core1 = .
                0x00020560                . = ALIGN (0x8)
                0x00020560                __stack_end__core1 = .

.stack_core2    0x00020560     0x1600
                0x00020560                . = ALIGN (0x8)
                0x00020560                __stack_start__core2 = .
                0x00020760                . = (. + 0x200)
 *fill*         0x00020560      0x200 
                0x00020760                __HYP_stack_core2 = .
                0x00021760                . = (. + 0x1000)
 *fill*         0x00020760     0x1000 
                0x00021760                __SVC_stack_core2 = .
                0x00021960                . = (. + 0x200)
 *fill*         0x00021760      0x200 
                0x00021960                __IRQ_stack_core2 = .
                0x00021b60                . = (. + 0x200)
 *fill*         0x00021960      0x200 
                0x00021b60                __FIQ_stack_core2 = .
                0x00021b60                . = ALIGN (0x8)
                0x00021b60                __stack_end__core2 = .

.stack_core3    0x00021b60     0x1600
                0x00021b60                . = ALIGN (0x8)
                0x00021b60                __stack_start__core3 = .
                0x00021d60                . = (. + 0x200)
 *fill*         0x00021b60      0x200 
                0x00021d60                __HYP_stack_core3 = .
                0x00022d60                . = (. + 0x1000)
 *fill*         0x00021d60     0x1000 
                0x00022d60                __SVC_stack_core3 = .
                0x00022f60                . = (. + 0x200)
 *fill*         0x00022d60      0x200 
                0x00022f60                __IRQ_stack_core3 = .
                0x00023160                . = (. + 0x200)
 *fill*         0x00022f60      0x200 
                0x00023160                __FIQ_stack_core3 = .
                0x00023160                . = ALIGN (0x8)
                0x00023160                __stack_end__core3 = .

.ARM.attributes
                0x00000000       0x2f
 *(.ARM.attributes)
 .ARM.attributes
                0x00000000       0x31 C:\Users\Carlo\AppData\Local\Temp\ccgzLbGB.o
 .ARM.attributes
                0x00000031       0x1f C:\Users\Carlo\AppData\Local\Temp\ccQ9SEhY.o
 .ARM.attributes
                0x00000050       0x31 C:\Users\Carlo\AppData\Local\Temp\ccI1wirV.o
 .ARM.attributes
                0x00000081       0x31 C:\Users\Carlo\AppData\Local\Temp\ccVjhvLY.o
 .ARM.attributes
                0x000000b2       0x31 C:\Users\Carlo\AppData\Local\Temp\ccoSx05M.o
 .ARM.attributes
                0x000000e3       0x2d c:/program files (x86)/gnu tools arm embedded/8 2018-q4-major/bin/../lib/gcc/arm-none-eabi/8.2.1/../../../../arm-none-eabi/lib/arm/v5te/hard\libc.a(lib_a-ctype_.o)
 .ARM.attributes
                0x00000110       0x2f c:/program files (x86)/gnu tools arm embedded/8 2018-q4-major/bin/../lib/gcc/arm-none-eabi/8.2.1/../../../../arm-none-eabi/lib/arm/v5te/hard\libc.a(lib_a-memcpy-stub.o)
 .ARM.attributes
                0x0000013f       0x2f c:/program files (x86)/gnu tools arm embedded/8 2018-q4-major/bin/../lib/gcc/arm-none-eabi/8.2.1/../../../../arm-none-eabi/lib/arm/v5te/hard\libc.a(lib_a-reent.o)
 .ARM.attributes
                0x0000016e       0x2f c:/program files (x86)/gnu tools arm embedded/8 2018-q4-major/bin/../lib/gcc/arm-none-eabi/8.2.1/../../../../arm-none-eabi/lib/arm/v5te/hard\libc.a(lib_a-strchr.o)
 .ARM.attributes
                0x0000019d       0x2f c:/program files (x86)/gnu tools arm embedded/8 2018-q4-major/bin/../lib/gcc/arm-none-eabi/8.2.1/../../../../arm-none-eabi/lib/arm/v5te/hard\libc.a(lib_a-strlen-stub.o)
 .ARM.attributes
                0x000001cc       0x2f c:/program files (x86)/gnu tools arm embedded/8 2018-q4-major/bin/../lib/gcc/arm-none-eabi/8.2.1/../../../../arm-none-eabi/lib/arm/v5te/hard\libc.a(lib_a-strnlen.o)
 .ARM.attributes
                0x000001fb       0x2f c:/program files (x86)/gnu tools arm embedded/8 2018-q4-major/bin/../lib/gcc/arm-none-eabi/8.2.1/../../../../arm-none-eabi/lib/arm/v5te/hard\libc.a(lib_a-wctob.o)
 .ARM.attributes
                0x0000022a       0x2d c:/program files (x86)/gnu tools arm embedded/8 2018-q4-major/bin/../lib/gcc/arm-none-eabi/8.2.1/../../../../arm-none-eabi/lib/arm/v5te/hard\libc.a(lib_a-impure.o)
 .ARM.attributes
                0x00000257       0x2f c:/program files (x86)/gnu tools arm embedded/8 2018-q4-major/bin/../lib/gcc/arm-none-eabi/8.2.1/../../../../arm-none-eabi/lib/arm/v5te/hard\libc.a(lib_a-locale.o)
 .ARM.attributes
                0x00000286       0x2f c:/program files (x86)/gnu tools arm embedded/8 2018-q4-major/bin/../lib/gcc/arm-none-eabi/8.2.1/../../../../arm-none-eabi/lib/arm/v5te/hard\libc.a(lib_a-mbtowc_r.o)
 .ARM.attributes
                0x000002b5       0x2f c:/program files (x86)/gnu tools arm embedded/8 2018-q4-major/bin/../lib/gcc/arm-none-eabi/8.2.1/../../../../arm-none-eabi/lib/arm/v5te/hard\libc.a(lib_a-memset.o)
 .ARM.attributes
                0x000002e4       0x2f c:/program files (x86)/gnu tools arm embedded/8 2018-q4-major/bin/../lib/gcc/arm-none-eabi/8.2.1/../../../../arm-none-eabi/lib/arm/v5te/hard\libc.a(lib_a-wctomb_r.o)
 .ARM.attributes
                0x00000313       0x1d c:/program files (x86)/gnu tools arm embedded/8 2018-q4-major/bin/../lib/gcc/arm-none-eabi/8.2.1/arm/v5te/hard\libgcc.a(_udivsi3.o)
 .ARM.attributes
                0x00000330       0x1d c:/program files (x86)/gnu tools arm embedded/8 2018-q4-major/bin/../lib/gcc/arm-none-eabi/8.2.1/arm/v5te/hard\libgcc.a(_dvmd_tls.o)

.Heap           0x00023160        0x0
                0x00023160                . = ALIGN (0x4)
                0x00023160                __heap_start__ = .
                0x00023160                _end = .
                [!provide]                PROVIDE (end = .)

/DISCARD/
 *(.ARM.exidx .ARM.exidx.*)
 *(.rel.ARM.exidx .rel.ARM.exidx.* .gnu.linkonce.armexidx.*)
 *(.debug_frame .debug_frame.*)
 *(.comment *.comment.*)
 *(.symtab .symtab.*)
 *(.strtab .strtab.*)
 *(.shstrtab .shstrtab.*)
 libc.a(*)
 libm.a(*)
 libgcc.a(*)
 *(.note.GNU-stack)
 *(.gnu_debuglink)
 *(.gnu.lto_*)
LOAD C:\Users\Carlo\AppData\Local\Temp\ccgzLbGB.o
LOAD C:\Users\Carlo\AppData\Local\Temp\ccQ9SEhY.o
LOAD C:\Users\Carlo\AppData\Local\Temp\ccI1wirV.o
LOAD C:\Users\Carlo\AppData\Local\Temp\ccVjhvLY.o
LOAD C:\Users\Carlo\AppData\Local\Temp\ccoSx05M.o
LOAD c:/program files (x86)/gnu tools arm embedded/8 2018-q4-major/bin/../lib/gcc/arm-none-eabi/8.2.1/../../../../arm-none-eabi/lib/arm/v5te/hard\libc.a
LOAD c:/program files (x86)/gnu tools arm embedded/8 2018-q4-major/bin/../lib/gcc/arm-none-eabi/8.2.1/../../../../arm-none-eabi/lib/arm/v5te/hard\libm.a
LOAD c:/program files (x86)/gnu tools arm embedded/8 2018-q4-major/bin/../lib/gcc/arm-none-eabi/8.2.1/../../../../arm-none-eabi/lib/arm/v5te/hard\libg.a
LOAD c:/program files (x86)/gnu tools arm embedded/8 2018-q4-major/bin/../lib/gcc/arm-none-eabi/8.2.1/arm/v5te/hard\libgcc.a
OUTPUT(output/kernel_rp1.elf elf32-littlearm)
